<html>
<body>
<pre>
<h1>µVision Build Log</h1>
<h2>Tool Versions:</h2>
IDE-Version: µVision V5.40.0.0
Copyright (C) 2024 ARM Ltd and ARM Germany GmbH. All rights reserved.
License Information: bb530 bb, bb, LIC=Z3C6R-KGNV6-793G1-CQYUJ-6XJRM-RFU9Q
 
Tool Versions:
Toolchain:       MDK-ARM Professional  Version: 5.40.0.3
Toolchain Path:  C:\Keil_v5\ARM\ARMCLANG_6.19\Bin
C Compiler:      ArmClang.exe V6.19
Assembler:       Armasm.exe V6.19
Linker/Locator:  ArmLink.exe V6.19
Library Manager: ArmAr.exe V6.19
Hex Converter:   FromElf.exe V6.19
CPU DLL:         SARMCM3.DLL V5.40.0.3
Dialog DLL:      DCM.DLL V1.17.5.0
Target DLL:      STLink\ST-LINKIII-KEIL_SWO.dll V3.3.0.0
Dialog DLL:      TCM.DLL V1.56.4.0
 
<h2>Project:</h2>
C:\Users\PC GAMING\Desktop\Repos\Truma_EBL\Truma_EBL\Truma_EBL_Bios_V100\Truma_EBL_Bios_V100\MDK-ARM\Truma_EBL_Bios_V100.uvprojx
Project File Date:  07/31/2024

<h2>Output:</h2>
*** Using Compiler 'V6.19', folder: 'C:\Keil_v5\ARM\ARMCLANG_6.19\Bin'
Build target 'Truma_EBL_Bios_V100'
assembling startup_stm32g491xx.s...
compiling stm32g4xx_it.c...
compiling Comm.c...
compiling main.c...
compiling Analog.c...
compiling Digital.c...
compiling stm32g4xx_hal_msp.c...
compiling stm32g4xx_ll_adc.c...
compiling Init.c...
compiling stm32g4xx_hal_adc_ex.c...
compiling stm32g4xx_hal.c...
compiling stm32g4xx_hal_adc.c...
compiling stm32g4xx_hal_flash_ramfunc.c...
compiling stm32g4xx_hal_flash.c...
compiling stm32g4xx_hal_flash_ex.c...
compiling stm32g4xx_hal_exti.c...
compiling stm32g4xx_hal_gpio.c...
compiling stm32g4xx_hal_rcc.c...
compiling stm32g4xx_hal_rcc_ex.c...
compiling stm32g4xx_hal_dma.c...
compiling stm32g4xx_hal_pwr.c...
compiling stm32g4xx_hal_dma_ex.c...
compiling stm32g4xx_hal_cortex.c...
compiling stm32g4xx_hal_dac.c...
compiling stm32g4xx_hal_i2c_ex.c...
compiling stm32g4xx_hal_dac_ex.c...
compiling stm32g4xx_hal_pwr_ex.c...
compiling stm32g4xx_hal_tim_ex.c...
compiling stm32g4xx_hal_tim.c...
compiling stm32g4xx_hal_fdcan.c...
compiling system_stm32g4xx.c...
compiling Arvi-Main.cpp...
compiling stm32g4xx_hal_uart_ex.c...
compiling Devices.cpp...
compiling DoorStep.cpp...
compiling DrainValve.cpp...
compiling EmptyingValve.cpp...
compiling stm32g4xx_hal_uart.c...
compiling EnergySpliter.cpp...
compiling EngineBattery1.cpp...
compiling stm32g4xx_hal_i2c.c...
compiling ExternalLigths.cpp...
compiling ExternalLigths2.cpp...
compiling AirConditioner1.cpp...
compiling FloorHeating.cpp...
compiling Lin.cpp...
compiling LinClients.cpp...
compiling Fridge.cpp...
compiling ComunicationManager.cpp...
compiling FreshWater_1.cpp...
compiling LinMaster.cpp...
compiling Charger1.cpp...
compiling Boiler.cpp...
compiling GrayTankHeating.cpp...
compiling Fuses.cpp...
compiling GrayWater_1.cpp...
compiling Ligths_2.cpp...
compiling Ligths_3.cpp...
compiling Ligths_5.cpp...
compiling Ligths_Gr_C.cpp...
compiling Ligths_Gr_D.cpp...
compiling Multimedia.cpp...
compiling MainSwitch.cpp...
compiling Sat.cpp...
compiling WaterPump.cpp...
compiling Utils.cpp...
compiling Inverter.cpp...
compiling LeisureBattery1.cpp...
compiling Heater.cpp...
compiling InternalLigths.cpp...
compiling Ligths_1.cpp...
compiling Ligths_4.cpp...
compiling Ligths_6.cpp...
compiling SolarRegulator1.cpp...
compiling ErrorManager.cpp...
linking...
Program Size: Code=37500 RO-data=1508 RW-data=52 ZI-data=9644  
FromELF: creating hex file...
".\Objets\Truma_EBL_Bios_V100.axf" - 0 Error(s), 0 Warning(s).

<h2>Software Packages used:</h2>

Package Vendor: ARM
                https://www.keil.com/pack/ARM.CMSIS.6.1.0.pack
                ARM::CMSIS@6.1.0
                CMSIS (Common Microcontroller Software Interface Standard)
   * Component: CORE Version: 6.1.0

Package Vendor: Keil
                https://www.keil.com/pack/Keil.STM32G4xx_DFP.1.6.0.pack
                Keil::STM32G4xx_DFP@1.6.0
                STMicroelectronics STM32G4 Series Device Support, Drivers and Examples

<h2>Collection of Component include folders:</h2>
  ./RTE/_Truma_EBL_Bios_V100
  C:/Users/PC GAMING/AppData/Local/Arm/Packs/ARM/CMSIS/6.1.0/CMSIS/Core/Include
  C:/Users/PC GAMING/AppData/Local/Arm/Packs/Keil/STM32G4xx_DFP/1.6.0/Drivers/CMSIS/Device/ST/STM32G4xx/Include

<h2>Collection of Component Files used:</h2>

   * Component: ARM::CMSIS:CORE@6.1.0
      Include file:  CMSIS/Core/Include/tz_context.h
Build Time Elapsed:  00:00:06
</pre>
</body>
</html>
