<html>
<body>
<pre>
<h1>µVision Build Log</h1>
<h2>Tool Versions:</h2>
IDE-Version: µVision V5.40.0.0
Copyright (C) 2024 ARM Ltd and ARM Germany GmbH. All rights reserved.
License Information: bb530 bb, bb, LIC=Z3C6R-KGNV6-793G1-CQYUJ-6XJRM-RFU9Q
 
Tool Versions:
Toolchain:       MDK-ARM Professional  Version: 5.40.0.3
Toolchain Path:  C:\Keil_v5\ARM\ARMCLANG_6.19\Bin
C Compiler:      ArmClang.exe V6.19
Assembler:       Armasm.exe V6.19
Linker/Locator:  ArmLink.exe V6.19
Library Manager: ArmAr.exe V6.19
Hex Converter:   FromElf.exe V6.19
CPU DLL:         SARMCM3.DLL V5.40.0.3
Dialog DLL:      DCM.DLL V1.17.5.0
Target DLL:      STLink\ST-LINKIII-KEIL_SWO.dll V3.3.0.0
Dialog DLL:      TCM.DLL V1.56.4.0
 
<h2>Project:</h2>
C:\Users\PC GAMING\Desktop\Repos\Truma_EBL\Truma_EBL\Truma_EBL_Bios_V100\Truma_EBL_Bios_V100\MDK-ARM\Truma_EBL_Bios_V100.uvprojx
Project File Date:  08/05/2024

<h2>Output:</h2>
*** Using Compiler 'V6.19', folder: 'C:\Keil_v5\ARM\ARMCLANG_6.19\Bin'
Build target 'Truma_EBL_Bios_V100'
compiling Devices.cpp...
compiling DrainValve.cpp...
compiling EngineBattery1.cpp...
compiling EmptyingValve.cpp...
compiling ExternalLigths.cpp...
compiling FloorHeating.cpp...
compiling FreshWater_1.cpp...
compiling Fridge.cpp...
compiling InternalLigths.cpp...
compiling Fuses.cpp...
compiling GrayWater_1.cpp...
compiling Multimedia.cpp...
compiling WaterPump.cpp...
compiling Ligths_1.cpp...
compiling ComunicationManager.cpp...
compiling LinClients.cpp...
compiling LinMaster.cpp...
compiling Lin.cpp...
compiling Arvi-Main.cpp...
compiling Inverter.cpp...
compiling LeisureBattery1.cpp...
compiling SolarRegulator1.cpp...
linking...
Program Size: Code=37568 RO-data=1508 RW-data=52 ZI-data=9644  
FromELF: creating hex file...
".\Objets\Truma_EBL_Bios_V100.axf" - 0 Error(s), 0 Warning(s).

<h2>Software Packages used:</h2>

Package Vendor: ARM
                https://www.keil.com/pack/ARM.CMSIS.6.1.0.pack
                ARM::CMSIS@6.1.0
                CMSIS (Common Microcontroller Software Interface Standard)
   * Component: CORE Version: 6.1.0

Package Vendor: Keil
                https://www.keil.com/pack/Keil.STM32G4xx_DFP.1.6.0.pack
                Keil::STM32G4xx_DFP@1.6.0
                STMicroelectronics STM32G4 Series Device Support, Drivers and Examples

<h2>Collection of Component include folders:</h2>
  ./RTE/_Truma_EBL_Bios_V100
  C:/Users/PC GAMING/AppData/Local/Arm/Packs/ARM/CMSIS/6.1.0/CMSIS/Core/Include
  C:/Users/PC GAMING/AppData/Local/Arm/Packs/Keil/STM32G4xx_DFP/1.6.0/Drivers/CMSIS/Device/ST/STM32G4xx/Include

<h2>Collection of Component Files used:</h2>

   * Component: ARM::CMSIS:CORE@6.1.0
      Include file:  CMSIS/Core/Include/tz_context.h
Build Time Elapsed:  00:00:03
</pre>
</body>
</html>
