Component: Arm Compiler for Embedded 6.19 Tool: armlink [5e73cb00]

==============================================================================

Section Cross References

    startup_stm32g491xx.o(STACK) refers (Special) to heapauxi.o(.text) for __use_two_region_memory
    startup_stm32g491xx.o(HEAP) refers (Special) to heapauxi.o(.text) for __use_two_region_memory
    startup_stm32g491xx.o(RESET) refers (Special) to heapauxi.o(.text) for __use_two_region_memory
    startup_stm32g491xx.o(RESET) refers to startup_stm32g491xx.o(STACK) for __initial_sp
    startup_stm32g491xx.o(RESET) refers to startup_stm32g491xx.o(.text) for Reset_Handler
    startup_stm32g491xx.o(RESET) refers to stm32g4xx_it.o(.text.NMI_Handler) for NMI_Handler
    startup_stm32g491xx.o(RESET) refers to stm32g4xx_it.o(.text.HardFault_Handler) for HardFault_Handler
    startup_stm32g491xx.o(RESET) refers to stm32g4xx_it.o(.text.MemManage_Handler) for MemManage_Handler
    startup_stm32g491xx.o(RESET) refers to stm32g4xx_it.o(.text.BusFault_Handler) for BusFault_Handler
    startup_stm32g491xx.o(RESET) refers to stm32g4xx_it.o(.text.UsageFault_Handler) for UsageFault_Handler
    startup_stm32g491xx.o(RESET) refers to stm32g4xx_it.o(.text.SVC_Handler) for SVC_Handler
    startup_stm32g491xx.o(RESET) refers to stm32g4xx_it.o(.text.DebugMon_Handler) for DebugMon_Handler
    startup_stm32g491xx.o(RESET) refers to stm32g4xx_it.o(.text.PendSV_Handler) for PendSV_Handler
    startup_stm32g491xx.o(RESET) refers to stm32g4xx_it.o(.text.SysTick_Handler) for SysTick_Handler
    startup_stm32g491xx.o(RESET) refers to stm32g4xx_it.o(.text.DMA1_Channel1_IRQHandler) for DMA1_Channel1_IRQHandler
    startup_stm32g491xx.o(RESET) refers to stm32g4xx_it.o(.text.DMA1_Channel2_IRQHandler) for DMA1_Channel2_IRQHandler
    startup_stm32g491xx.o(RESET) refers to stm32g4xx_it.o(.text.USART1_IRQHandler) for USART1_IRQHandler
    startup_stm32g491xx.o(RESET) refers to stm32g4xx_it.o(.text.USART3_IRQHandler) for USART3_IRQHandler
    startup_stm32g491xx.o(.text) refers (Special) to heapauxi.o(.text) for __use_two_region_memory
    startup_stm32g491xx.o(.text) refers to system_stm32g4xx.o(.text.SystemInit) for SystemInit
    startup_stm32g491xx.o(.text) refers to __main.o(!!!main) for __main
    startup_stm32g491xx.o(.text) refers to startup_stm32g491xx.o(HEAP) for Heap_Mem
    startup_stm32g491xx.o(.text) refers to startup_stm32g491xx.o(STACK) for Stack_Mem
    analog.o(.text.Scan_AD_Mux) refers to analog.o(.bss.convAD2) for convAD2
    analog.o(.text.Scan_AD_Mux) refers to analog.o(.bss.Conversion_MUX_FUSE_1) for Conversion_MUX_FUSE_1
    analog.o(.text.Scan_AD_Mux) refers to analog.o(.bss.Conversion_MUX_FUSE_2) for Conversion_MUX_FUSE_2
    analog.o(.text.Scan_AD_Mux) refers to analog.o(.bss.Conversion_MUX_LIGHT) for Conversion_MUX_LIGHT
    analog.o(.text.Scan_AD_Mux) refers to analog.o(.bss.Conversion_MUX_WATER) for Conversion_MUX_WATER
    analog.o(.text.Scan_AD_Mux) refers to analog.o(.bss.Conversion_MUX_CS) for Conversion_MUX_CS
    analog.o(.ARM.exidx.text.Scan_AD_Mux) refers to analog.o(.text.Scan_AD_Mux) for [Anonymous Symbol]
    analog.o(.text.Set_Ctrl_Mux) refers to stm32g4xx_hal_gpio.o(.text.HAL_GPIO_WritePin) for HAL_GPIO_WritePin
    analog.o(.ARM.exidx.text.Set_Ctrl_Mux) refers to analog.o(.text.Set_Ctrl_Mux) for [Anonymous Symbol]
    analog.o(.text.ScanMultiplexores) refers to analog.o(.bss.ScanMultiplexores.CanalMux) for ScanMultiplexores.CanalMux
    analog.o(.text.ScanMultiplexores) refers to analog.o(.bss.convAD2) for convAD2
    analog.o(.text.ScanMultiplexores) refers to analog.o(.bss.Conversion_MUX_FUSE_1) for Conversion_MUX_FUSE_1
    analog.o(.text.ScanMultiplexores) refers to analog.o(.bss.Conversion_MUX_FUSE_2) for Conversion_MUX_FUSE_2
    analog.o(.text.ScanMultiplexores) refers to analog.o(.bss.Conversion_MUX_LIGHT) for Conversion_MUX_LIGHT
    analog.o(.text.ScanMultiplexores) refers to analog.o(.bss.Conversion_MUX_WATER) for Conversion_MUX_WATER
    analog.o(.text.ScanMultiplexores) refers to analog.o(.bss.Conversion_MUX_CS) for Conversion_MUX_CS
    analog.o(.text.ScanMultiplexores) refers to stm32g4xx_hal_gpio.o(.text.HAL_GPIO_WritePin) for HAL_GPIO_WritePin
    analog.o(.ARM.exidx.text.ScanMultiplexores) refers to analog.o(.text.ScanMultiplexores) for [Anonymous Symbol]
    analog.o(.text.ArviGet_AD) refers to analog.o(.bss.Conversion_MUX_CS) for Conversion_MUX_CS
    analog.o(.text.ArviGet_AD) refers to analog.o(.bss.Conversion_MUX_LIGHT) for Conversion_MUX_LIGHT
    analog.o(.text.ArviGet_AD) refers to analog.o(.bss.Conversion_MUX_WATER) for Conversion_MUX_WATER
    analog.o(.text.ArviGet_AD) refers to analog.o(.bss.convAD2) for convAD2
    analog.o(.text.ArviGet_AD) refers to analog.o(.bss.convAD1) for convAD1
    analog.o(.ARM.exidx.text.ArviGet_AD) refers to analog.o(.text.ArviGet_AD) for [Anonymous Symbol]
    analog.o(.text.ArviGet_mV) refers to analog.o(.bss.Conversion_MUX_CS) for Conversion_MUX_CS
[...]
    CommunicationManager::CommunicationManager() 0x08007af9   Thumb Code    10  comunicationmanager.o(.text._ZN20CommunicationManagerC2Ev)
    CommunicationManager::CommunicationManager__sub_object() 0x08007af9   Thumb Code    10  comunicationmanager.o(.text._ZN20CommunicationManagerC2Ev)
    Lin::composeMsgLin(unsigned char)        0x08007b05   Thumb Code    98  lin.o(.text._ZN3Lin13composeMsgLinEh)
    Lin::traslate2Topic(unsigned char*)      0x08007b69   Thumb Code   438  lin.o(.text._ZN3Lin14traslate2TopicEPh)
    Lin::verifyInfoFrame(unsigned char)      0x08007d21   Thumb Code   390  lin.o(.text._ZN3Lin15verifyInfoFrameEh)
    Lin::updateInfoFrames()                  0x08007ea9   Thumb Code  1016  lin.o(.text._ZN3Lin16updateInfoFramesEv)
    Lin::Lin()                               0x080082a1   Thumb Code    70  lin.o(.text._ZN3LinC2Ev)
    Lin::Lin__sub_object()                   0x080082a1   Thumb Code    70  lin.o(.text._ZN3LinC2Ev)
    Fuses::updateState()                     0x080082e9   Thumb Code   578  fuses.o(.text._ZN5Fuses11updateStateEv)
    Fuses::getTopicState()                   0x0800852d   Thumb Code     4  fuses.o(.text._ZN5Fuses13getTopicStateEv)
    Fuses::topicReceived(unsigned char*)     0x08008531   Thumb Code     2  fuses.o(.text._ZN5Fuses13topicReceivedEPh)
    Fuses::setOn()                           0x08008535   Thumb Code     2  fuses.o(.text._ZN5Fuses5setOnEv)
    Fuses::setOff()                          0x08008539   Thumb Code     2  fuses.o(.text._ZN5Fuses6setOffEv)
    Fuses::Fuses(short)                      0x0800853d   Thumb Code    34  fuses.o(.text._ZN5FusesC2Es)
    Fuses::Fuses__sub_object(short)          0x0800853d   Thumb Code    34  fuses.o(.text._ZN5FusesC2Es)
    Utils::ioDigitalRead(IOParameters const&) 0x08008561   Thumb Code   126  utils.o(.text._ZN5Utils13ioDigitalReadERK12IOParameters)
    Utils::ioDigitalWrite(IOParameters const&, short) 0x080085e1   Thumb Code   292  utils.o(.text._ZN5Utils14ioDigitalWriteERK12IOParameterss)
    Utils::setBits(unsigned short, unsigned short, short) 0x08008705   Thumb Code    24  utils.o(.text._ZN5Utils7setBitsEtts)
    Errors::cleanError(short, short)         0x0800871d   Thumb Code   114  errormanager.o(.text._ZN6Errors10cleanErrorEss)
    Errors::errorExists(short, short)        0x08008791   Thumb Code    92  errormanager.o(.text._ZN6Errors11errorExistsEss)
    Errors::getNumErrors()                   0x080087ed   Thumb Code    20  errormanager.o(.text._ZN6Errors12getNumErrorsEv)
    Errors::addError(short, short)           0x08008801   Thumb Code   270  errormanager.o(.text._ZN6Errors8addErrorEss)
    Errors::getError()                       0x08008911   Thumb Code   206  errormanager.o(.text._ZN6Errors8getErrorEv)
    Fridge::updateState()                    0x080089e1   Thumb Code     2  fridge.o(.text._ZN6Fridge11updateStateEv)
    Fridge::getTopicState()                  0x080089e5   Thumb Code     4  fridge.o(.text._ZN6Fridge13getTopicStateEv)
    Fridge::topicReceived(unsigned char*)    0x080089e9   Thumb Code    40  fridge.o(.text._ZN6Fridge13topicReceivedEPh)
    Fridge::setOn()                          0x08008a11   Thumb Code    14  fridge.o(.text._ZN6Fridge5setOnEv)
    Fridge::setOff()                         0x08008a21   Thumb Code    14  fridge.o(.text._ZN6Fridge6setOffEv)
    Fridge::Fridge(short)                    0x08008a31   Thumb Code    36  fridge.o(.text._ZN6FridgeC2Es)
    Fridge::Fridge__sub_object(short)        0x08008a31   Thumb Code    36  fridge.o(.text._ZN6FridgeC2Es)
    Devices::getIdTopic()                    0x08008a55   Thumb Code     6  devices.o(.text._ZN7Devices10getIdTopicEv)
    Devices::Devices__sub_object(short)      0x08008a5d   Thumb Code    16  devices.o(.text._ZN7DevicesC2Es)
    Ligths1::updateState()                   0x08008a6d   Thumb Code     2  ligths_1.o(.text._ZN7Ligths111updateStateEv)
    Ligths1::getTopicState()                 0x08008a71   Thumb Code     4  ligths_1.o(.text._ZN7Ligths113getTopicStateEv)
    Ligths1::topicReceived(unsigned char*)   0x08008a75   Thumb Code    34  ligths_1.o(.text._ZN7Ligths113topicReceivedEPh)
    Ligths1::setOn()                         0x08008a99   Thumb Code    14  ligths_1.o(.text._ZN7Ligths15setOnEv)
    Ligths1::setOff()                        0x08008aa9   Thumb Code    14  ligths_1.o(.text._ZN7Ligths16setOffEv)
    Ligths1::Ligths1(short)                  0x08008ab9   Thumb Code    36  ligths_1.o(.text._ZN7Ligths1C2Es)
    Ligths1::Ligths1__sub_object(short)      0x08008ab9   Thumb Code    36  ligths_1.o(.text._ZN7Ligths1C2Es)
    Inverter::updateState()                  0x08008add   Thumb Code     2  inverter.o(.text._ZN8Inverter11updateStateEv)
    Inverter::getTopicState()                0x08008ae1   Thumb Code     4  inverter.o(.text._ZN8Inverter13getTopicStateEv)
    Inverter::topicReceived(unsigned char*)  0x08008ae5   Thumb Code   194  inverter.o(.text._ZN8Inverter13topicReceivedEPh)
    Inverter::setOn()                        0x08008ba9   Thumb Code    14  inverter.o(.text._ZN8Inverter5setOnEv)
    Inverter::setOff()                       0x08008bb9   Thumb Code    14  inverter.o(.text._ZN8Inverter6setOffEv)
    Inverter::Inverter(short)                0x08008bc9   Thumb Code   102  inverter.o(.text._ZN8InverterC2Es)
    Inverter::Inverter__sub_object(short)    0x08008bc9   Thumb Code   102  inverter.o(.text._ZN8InverterC2Es)
    LinMaster::composeMsgLin(unsigned char)  0x08008c31   Thumb Code   242  linmaster.o(.text._ZN9LinMaster13composeMsgLinEh)
    LinMaster::sendInfoFrame(unsigned char)  0x08008d25   Thumb Code    50  linmaster.o(.text._ZN9LinMaster13sendInfoFrameEh)
    LinMaster::sendControlFrame(unsigned char*, unsigned char) 0x08008d59   Thumb Code    60  linmaster.o(.text._ZN9LinMaster16sendControlFrameEPhh)
    LinMaster::calculateCheckSum(unsigned char*, short) 0x08008d95   Thumb Code    30  linmaster.o(.text._ZN9LinMaster17calculateCheckSumEPhs)
    LinMaster::idCalc(unsigned char)         0x08008db5   Thumb Code    42  linmaster.o(.text._ZN9LinMaster6idCalcEh)
    LinMaster::addClient(LinClients*)        0x08008de1   Thumb Code   168  linmaster.o(.text._ZN9LinMaster9addClientEP10LinClients)
    LinMaster::LinMaster()                   0x08008e89   Thumb Code    64  linmaster.o(.text._ZN9LinMasterC2Ev)
    LinMaster::LinMaster__sub_object()       0x08008e89   Thumb Code    64  linmaster.o(.text._ZN9LinMasterC2Ev)
    WaterPump::updateState()                 0x08008ec9   Thumb Code     2  waterpump.o(.text._ZN9WaterPump11updateStateEv)
    WaterPump::getTopicState()               0x08008ecd   Thumb Code     4  waterpump.o(.text._ZN9WaterPump13getTopicStateEv)
    WaterPump::topicReceived(unsigned char*) 0x08008ed1   Thumb Code    60  waterpump.o(.text._ZN9WaterPump13topicReceivedEPh)
    WaterPump::setOn()                       0x08008f0d   Thumb Code    14  waterpump.o(.text._ZN9WaterPump5setOnEv)
    WaterPump::setOff()                      0x08008f1d   Thumb Code    14  waterpump.o(.text._ZN9WaterPump6setOffEv)
    WaterPump::WaterPump(short)              0x08008f2d   Thumb Code    36  waterpump.o(.text._ZN9WaterPumpC2Es)
    WaterPump::WaterPump__sub_object(short)  0x08008f2d   Thumb Code    36  waterpump.o(.text._ZN9WaterPumpC2Es)
    std::__2::vector<errors, std::__2::allocator<errors>>::~vector__sub_object[abi:v16000]() 0x08008f51   Thumb Code    22  errormanager.o(.text._ZNSt3__26vectorI6errorsNS_9allocatorIS1_EEED2B6v16000Ev)
    std::__2::vector<SystemDevices*, std::__2::allocator<SystemDevices*>>::~vector__sub_object[abi:v16000]() 0x08008f69   Thumb Code    22  arvi-main.o(.text._ZNSt3__26vectorIP13SystemDevicesNS_9allocatorIS2_EEED2B6v16000Ev)
    std::__2::vector<unsigned char*, std::__2::allocator<unsigned char*>>::~vector__sub_object[abi:v16000]() 0x08008f81   Thumb Code    22  canattender.o(.text._ZNSt3__26vectorIPhNS_9allocatorIS1_EEED2B6v16000Ev)
    std::get_new_handler()                   0x08008f97   Thumb Code    12  cxa_handlers.cpp.o(.text._ZSt15get_new_handlerv)
    std::__throw_bad_array_new_length[abi:v16000]() 0x08008fa5   Thumb Code     4  arvi-main.o(.text._ZSt28__throw_bad_array_new_lengthB6v16000v)
    non-virtual thunk to LeisureBattery1::processInfoFrame(unsigned char*) 0x08008fa9   Thumb Code     6  leisurebattery1.o(.text._ZThn12_N15LeisureBattery116processInfoFrameEPh)
    non-virtual thunk to SolarRegulator1::processInfoFrame(unsigned char*) 0x08008fb1   Thumb Code    20  solarregulator1.o(.text._ZThn12_N15SolarRegulator116processInfoFrameEPh)
    non-virtual thunk to GrayWater1::updateState() 0x08008fc5   Thumb Code     6  graywater_1.o(.text._ZThn8_N10GrayWater111updateStateEv)
    non-virtual thunk to Multimedia::updateState() 0x08008fcd   Thumb Code     2  multimedia.o(.text._ZThn8_N10Multimedia11updateStateEv)
    non-virtual thunk to FreshWater1::updateState() 0x08008fd1   Thumb Code     6  freshwater_1.o(.text._ZThn8_N11FreshWater111updateStateEv)
    non-virtual thunk to FloorHeating::updateState() 0x08008fd9   Thumb Code     2  floorheating.o(.text._ZThn8_N12FloorHeating11updateStateEv)
    non-virtual thunk to EmptyingValve::updateState() 0x08008fdd   Thumb Code     2  emptyingvalve.o(.text._ZThn8_N13EmptyingValve11updateStateEv)
    non-virtual thunk to EngineBattery1::updateState() 0x08008fe1   Thumb Code    72  enginebattery1.o(.text._ZThn8_N14EngineBattery111updateStateEv)
    non-virtual thunk to ExternalLigths::updateState() 0x08009029   Thumb Code     2  externalligths.o(.text._ZThn8_N14ExternalLigths11updateStateEv)
    non-virtual thunk to InternalLigths::updateState() 0x0800902d   Thumb Code     2  internalligths.o(.text._ZThn8_N14InternalLigths11updateStateEv)
    non-virtual thunk to LeisureBattery1::updateState() 0x08009031   Thumb Code     6  leisurebattery1.o(.text._ZThn8_N15LeisureBattery111updateStateEv)
    non-virtual thunk to SolarRegulator1::updateState() 0x08009039   Thumb Code   118  solarregulator1.o(.text._ZThn8_N15SolarRegulator111updateStateEv)
    non-virtual thunk to Fuses::updateState() 0x080090b1   Thumb Code     6  fuses.o(.text._ZThn8_N5Fuses11updateStateEv)
    non-virtual thunk to Fridge::updateState() 0x080090b9   Thumb Code     2  fridge.o(.text._ZThn8_N6Fridge11updateStateEv)
    non-virtual thunk to Ligths1::updateState() 0x080090bd   Thumb Code     2  ligths_1.o(.text._ZThn8_N7Ligths111updateStateEv)
    non-virtual thunk to Inverter::updateState() 0x080090c1   Thumb Code     2  inverter.o(.text._ZThn8_N8Inverter11updateStateEv)
    non-virtual thunk to WaterPump::updateState() 0x080090c5   Thumb Code     2  waterpump.o(.text._ZThn8_N9WaterPump11updateStateEv)
    operator delete(void*)                   0x080090c7   Thumb Code     4  new.cpp.o(.text._ZdlPv)
    operator delete(void*, unsigned int)     0x080090cb   Thumb Code     4  new.cpp.o(.text._ZdlPvj)
    operator new(unsigned int)               0x080090d1   Thumb Code    38  new.cpp.o(.text._Znwj)
    __cxa_pure_virtual                       0x080090f9   Thumb Code     8  cxa_virtual.cpp.o(.text.__cxa_pure_virtual)
    abort_message                            0x08009121   Thumb Code     4  abort_message.cpp.o(.text.abort_message)
    main                                     0x08009125   Thumb Code   102  main.o(.text.main)
    __aeabi_d2f                              0x0800918d   Thumb Code     0  d2f.o(x$fpl$d2f)
    _d2f                                     0x0800918d   Thumb Code    98  d2f.o(x$fpl$d2f)
    __aeabi_ui2d                             0x080091ef   Thumb Code     0  dflt_clz.o(x$fpl$dfltu)
    _dfltu                                   0x080091ef   Thumb Code    38  dflt_clz.o(x$fpl$dfltu)
    __aeabi_dmul                             0x08009215   Thumb Code     0  dmul.o(x$fpl$dmul)
    _dmul                                    0x08009215   Thumb Code   332  dmul.o(x$fpl$dmul)
    __fpl_dnaninf                            0x08009369   Thumb Code   156  dnaninf.o(x$fpl$dnaninf)
    __fpl_dretinf                            0x08009405   Thumb Code    12  dretinf.o(x$fpl$dretinf)
    _fp_init                                 0x08009411   Thumb Code    26  fpinit.o(x$fpl$fpinit)
    __fplib_config_fpu_vfp                   0x08009429   Thumb Code     0  fpinit.o(x$fpl$fpinit)
    __fplib_config_pureend_doubles           0x08009429   Thumb Code     0  fpinit.o(x$fpl$fpinit)
    __fpl_fretinf                            0x0800942b   Thumb Code    10  fretinf.o(x$fpl$fretinf)
    AHBPrescTable                            0x08009434   Data          16  system_stm32g4xx.o(.rodata.AHBPrescTable)
    __I$use$fp                               0x08009434   Number         0  usenofp.o(x$fpl$usenofp)
    APBPrescTable                            0x08009444   Data           8  system_stm32g4xx.o(.rodata.APBPrescTable)
    UARTPrescTable                           0x0800944c   Data          24  stm32g4xx_hal_uart.o(.rodata.UARTPrescTable)
    vtable for GrayWater1                    0x08009544   Data          40  graywater_1.o(.rodata._ZTV10GrayWater1)
    vtable for LinClients                    0x0800956c   Data          12  linclients.o(.rodata._ZTV10LinClients)
    vtable for Multimedia                    0x08009578   Data          40  multimedia.o(.rodata._ZTV10Multimedia)
    vtable for FreshWater1                   0x080095a0   Data          40  freshwater_1.o(.rodata._ZTV11FreshWater1)
    vtable for FloorHeating                  0x080095c8   Data          40  floorheating.o(.rodata._ZTV12FloorHeating)
    vtable for EmptyingValve                 0x080095f0   Data          40  emptyingvalve.o(.rodata._ZTV13EmptyingValve)
    vtable for SystemDevices                 0x08009618   Data          12  airconditioner1.o(.rodata._ZTV13SystemDevices)
    vtable for EngineBattery1                0x08009624   Data          40  enginebattery1.o(.rodata._ZTV14EngineBattery1)
    vtable for ExternalLigths                0x0800964c   Data          40  externalligths.o(.rodata._ZTV14ExternalLigths)
    vtable for InternalLigths                0x08009674   Data          40  internalligths.o(.rodata._ZTV14InternalLigths)
    vtable for LeisureBattery1               0x0800969c   Data          56  leisurebattery1.o(.rodata._ZTV15LeisureBattery1)
    vtable for SolarRegulator1               0x080096d4   Data          56  solarregulator1.o(.rodata._ZTV15SolarRegulator1)
    vtable for Fuses                         0x0800970c   Data          40  fuses.o(.rodata._ZTV5Fuses)
    vtable for Fridge                        0x08009734   Data          40  fridge.o(.rodata._ZTV6Fridge)
    vtable for Devices                       0x0800975c   Data          24  devices.o(.rodata._ZTV7Devices)
    vtable for Ligths1                       0x08009774   Data          40  ligths_1.o(.rodata._ZTV7Ligths1)
    vtable for Inverter                      0x0800979c   Data          52  inverter.o(.rodata._ZTV8Inverter)
    vtable for WaterPump                     0x080097d0   Data          40  waterpump.o(.rodata._ZTV9WaterPump)
    Region$$Table$$Base                      0x08009818   Number         0  anon$$obj.o(Region$$Table)
    Region$$Table$$Limit                     0x08009838   Number         0  anon$$obj.o(Region$$Table)
    SHT$$INIT_ARRAY$$Base                    0x08009838   Number         0  arvi-main.o(.init_array)
    SHT$$INIT_ARRAY$$Limit                   0x08009844   Number         0  init_aeabi.o(.init_array)
    SystemCoreClock                          0x20000000   Data           4  system_stm32g4xx.o(.data.SystemCoreClock)
    counterErrors                            0x20000004   Data           2  lin.o(.data.counterErrors)
    errorState                               0x20000008   Data          10  lin.o(.data.errorState)
    firmware                                 0x20000014   Data          10  lin.o(.data.firmware)
    identifier                               0x20000020   Data          10  lin.o(.data.identifier)
    uwTickFreq                               0x2000002c   Data           4  stm32g4xx_hal.o(.data.uwTickFreq)
    uwTickPrio                               0x20000030   Data           4  stm32g4xx_hal.o(.data.uwTickPrio)
    __libspace_start                         0x20000038   Data          96  libspace.o(.bss)
    Arvi_Tick                                0x20000098   Data           8  main.o(.bss.Arvi_Tick)
    __temporary_stack_top$libspace           0x20000098   Data           0  libspace.o(.bss)
    Conversion_MUX_CS                        0x200000a0   Data          16  analog.o(.bss.Conversion_MUX_CS)
    Conversion_MUX_FUSE_1                    0x200000b0   Data          16  analog.o(.bss.Conversion_MUX_FUSE_1)
    Conversion_MUX_FUSE_2                    0x200000c0   Data          16  analog.o(.bss.Conversion_MUX_FUSE_2)
    Conversion_MUX_LIGHT                     0x200000d0   Data          16  analog.o(.bss.Conversion_MUX_LIGHT)
    Conversion_MUX_WATER                     0x200000e0   Data          16  analog.o(.bss.Conversion_MUX_WATER)
    Timer1ms                                 0x200000f8   Data           4  main.o(.bss.Timer1ms)
    Timer20ms                                0x200000fc   Data           4  main.o(.bss.Timer20ms)
    __cxa_new_handler                        0x20000104   Data           4  cxa_default_handlers.cpp.o(.bss.__cxa_new_handler)
    batteryInstance                          0x20000108   Data           4  arvi-main.o(.bss.batteryInstance)
    checkVariantTime                         0x20000110   Data           8  arvi-main.o(.bss.checkVariantTime)
    convAD1                                  0x20000118   Data           4  analog.o(.bss.convAD1)
    convAD2                                  0x2000011c   Data          18  analog.o(.bss.convAD2)
    devices                                  0x20000130   Data          12  arvi-main.o(.bss.devices)
    eBatteryIntance                          0x2000013c   Data           4  arvi-main.o(.bss.eBatteryIntance)
    errorList                                0x20000140   Data          12  errormanager.o(.bss.errorList)
    hadc1                                    0x2000014c   Data         108  init.o(.bss.hadc1)
    hadc2                                    0x200001b8   Data         108  init.o(.bss.hadc2)
    hdac1                                    0x20000224   Data          20  init.o(.bss.hdac1)
    hdma_adc1                                0x20000238   Data          96  init.o(.bss.hdma_adc1)
    hdma_adc2                                0x20000298   Data          96  init.o(.bss.hdma_adc2)
    hfdcan1                                  0x200002f8   Data         100  init.o(.bss.hfdcan1)
    hi2c2                                    0x2000035c   Data          84  init.o(.bss.hi2c2)
    hi2c3                                    0x200003b0   Data          84  init.o(.bss.hi2c3)
    huart1                                   0x20000404   Data         148  init.o(.bss.huart1)
    huart2                                   0x20000498   Data         148  init.o(.bss.huart2)
    huart3                                   0x2000052c   Data         148  init.o(.bss.huart3)
    linInstance                              0x200005c0   Data           4  arvi-main.o(.bss.linInstance)
    linMasterInstance                        0x200005c4   Data           4  arvi-main.o(.bss.linMasterInstance)
    linstate                                 0x200005c8   Data           1  linmaster.o(.bss.linstate)
    queueMsgCan                              0x200005cc   Data          12  canattender.o(.bss.queueMsgCan)
    readByteU1                               0x200005d8   Data           1  linmaster.o(.bss.readByteU1)
    readByteU3                               0x200005d9   Data           1  linmaster.o(.bss.readByteU3)
    sendError                                0x200005da   Data           1  lin.o(.bss.sendError)
    updateTimeInfoFrames                     0x200005e0   Data           8  arvi-main.o(.bss.updateTimeInfoFrames)
    uwTick                                   0x200005e8   Data           4  stm32g4xx_hal.o(.bss.uwTick)
    variant                                  0x200005ec   Data           1  arvi-main.o(.bss.variant)
    variant3                                 0x200005ed   Data           1  arvi-main.o(.bss.variant3)



==============================================================================

Memory Map of the image

  Image Entry point : 0x080001d9

  Load Region LR_IROM1 (Base: 0x08000000, Size: 0x00009880, Max: 0x00080000, ABSOLUTE)

    Execution Region ER_IROM1 (Exec base: 0x08000000, Load base: 0x08000000, Size: 0x00009844, Max: 0x00080000, ABSOLUTE)

    Exec Addr    Load Addr    Size         Type   Attr      Idx    E Section Name        Object

    0x08000000   0x08000000   0x000001d8   Data   RO            3    RESET               startup_stm32g491xx.o
    0x080001d8   0x080001d8   0x00000008   Code   RO         2507  * !!!main             c_w.l(__main.o)
    0x080001e0   0x080001e0   0x00000034   Code   RO         3091    !!!scatter          c_w.l(__scatter.o)
    0x08000214   0x08000214   0x0000001a   Code   RO         3093    !!handler_copy      c_w.l(__scatter_copy.o)
    0x0800022e   0x0800022e   0x00000002   PAD
    0x08000230   0x08000230   0x0000001c   Code   RO         3095    !!handler_zi        c_w.l(__scatter_zi.o)
    0x0800024c   0x0800024c   0x00000002   Code   RO         3020    .ARM.Collect$$libinit$$00000000  c_w.l(libinit.o)
    0x0800024e   0x0800024e   0x00000004   Code   RO         2756    .ARM.Collect$$libinit$$00000001  c_w.l(libinit2.o)
    0x08000252   0x08000252   0x00000000   Code   RO         2759    .ARM.Collect$$libinit$$00000004  c_w.l(libinit2.o)
    0x08000252   0x08000252   0x00000000   Code   RO         2761    .ARM.Collect$$libinit$$00000006  c_w.l(libinit2.o)
    0x08000252   0x08000252   0x00000008   Code   RO         2762    .ARM.Collect$$libinit$$00000007  c_w.l(libinit2.o)
    0x0800025a   0x0800025a   0x00000000   Code   RO         2764    .ARM.Collect$$libinit$$0000000C  c_w.l(libinit2.o)
    0x0800025a   0x0800025a   0x00000000   Code   RO         2766    .ARM.Collect$$libinit$$0000000E  c_w.l(libinit2.o)
    0x0800025a   0x0800025a   0x00000000   Code   RO         2768    .ARM.Collect$$libinit$$00000010  c_w.l(libinit2.o)
    0x0800025a   0x0800025a   0x00000000   Code   RO         2771    .ARM.Collect$$libinit$$00000013  c_w.l(libinit2.o)
    0x0800025a   0x0800025a   0x00000000   Code   RO         2773    .ARM.Collect$$libinit$$00000015  c_w.l(libinit2.o)
    0x0800025a   0x0800025a   0x00000000   Code   RO         2775    .ARM.Collect$$libinit$$00000017  c_w.l(libinit2.o)
    0x0800025a   0x0800025a   0x00000000   Code   RO         2777    .ARM.Collect$$libinit$$00000019  c_w.l(libinit2.o)
    0x0800025a   0x0800025a   0x00000000   Code   RO         2779    .ARM.Collect$$libinit$$0000001B  c_w.l(libinit2.o)
    0x0800025a   0x0800025a   0x00000000   Code   RO         2781    .ARM.Collect$$libinit$$0000001D  c_w.l(libinit2.o)
    0x0800025a   0x0800025a   0x00000000   Code   RO         2783    .ARM.Collect$$libinit$$0000001F  c_w.l(libinit2.o)
    0x0800025a   0x0800025a   0x00000000   Code   RO         2785    .ARM.Collect$$libinit$$00000021  c_w.l(libinit2.o)
    0x0800025a   0x0800025a   0x00000000   Code   RO         2787    .ARM.Collect$$libinit$$00000023  c_w.l(libinit2.o)
    0x0800025a   0x0800025a   0x00000000   Code   RO         2789    .ARM.Collect$$libinit$$00000025  c_w.l(libinit2.o)
    0x0800025a   0x0800025a   0x00000000   Code   RO         2791    .ARM.Collect$$libinit$$00000027  c_w.l(libinit2.o)
    0x0800025a   0x0800025a   0x00000000   Code   RO         2795    .ARM.Collect$$libinit$$0000002E  c_w.l(libinit2.o)
    0x0800025a   0x0800025a   0x00000000   Code   RO         2797    .ARM.Collect$$libinit$$00000030  c_w.l(libinit2.o)
    0x0800025a   0x0800025a   0x00000000   Code   RO         2799    .ARM.Collect$$libinit$$00000032  c_w.l(libinit2.o)
    0x0800025a   0x0800025a   0x00000004   Code   RO         2800    .ARM.Collect$$libinit$$00000033  c_w.l(libinit2.o)
    0x0800025e   0x0800025e   0x00000000   Code   RO         2801    .ARM.Collect$$libinit$$00000034  c_w.l(libinit2.o)
    0x0800025e   0x0800025e   0x00000002   Code   RO         2802    .ARM.Collect$$libinit$$00000035  c_w.l(libinit2.o)
    0x08000260   0x08000260   0x00000002   Code   RO         3089    .ARM.Collect$$libshutdown$$00000000  c_w.l(libshutdown.o)
    0x08000262   0x08000262   0x00000006   Code   RO         3021    .ARM.Collect$$libshutdown$$00000001  c_w.l(libshutdown2.o)
    0x08000268   0x08000268   0x00000000   Code   RO         3022    .ARM.Collect$$libshutdown$$00000002  c_w.l(libshutdown2.o)
    0x08000268   0x08000268   0x00000000   Code   RO         3024    .ARM.Collect$$libshutdown$$00000004  c_w.l(libshutdown2.o)
    0x08000268   0x08000268   0x00000000   Code   RO         3027    .ARM.Collect$$libshutdown$$00000007  c_w.l(libshutdown2.o)
    0x08000268   0x08000268   0x00000000   Code   RO         3030    .ARM.Collect$$libshutdown$$0000000A  c_w.l(libshutdown2.o)
    0x08000268   0x08000268   0x00000000   Code   RO         3032    .ARM.Collect$$libshutdown$$0000000C  c_w.l(libshutdown2.o)
    0x08000268   0x08000268   0x00000000   Code   RO         3035    .ARM.Collect$$libshutdown$$0000000F  c_w.l(libshutdown2.o)
    0x08000268   0x08000268   0x00000002   Code   RO         3036    .ARM.Collect$$libshutdown$$00000010  c_w.l(libshutdown2.o)
    0x0800026a   0x0800026a   0x00000000   Code   RO         2580    .ARM.Collect$$rtentry$$00000000  c_w.l(__rtentry.o)
    0x0800026a   0x0800026a   0x00000000   Code   RO         2848    .ARM.Collect$$rtentry$$00000002  c_w.l(__rtentry2.o)
    0x0800026a   0x0800026a   0x00000006   Code   RO         2860    .ARM.Collect$$rtentry$$00000004  c_w.l(__rtentry4.o)
    0x08000270   0x08000270   0x00000000   Code   RO         2850    .ARM.Collect$$rtentry$$00000009  c_w.l(__rtentry2.o)
    0x08000270   0x08000270   0x00000004   Code   RO         2851    .ARM.Collect$$rtentry$$0000000A  c_w.l(__rtentry2.o)
    0x08000274   0x08000274   0x00000000   Code   RO         2853    .ARM.Collect$$rtentry$$0000000C  c_w.l(__rtentry2.o)
    0x08000274   0x08000274   0x00000008   Code   RO         2854    .ARM.Collect$$rtentry$$0000000D  c_w.l(__rtentry2.o)
    0x0800027c   0x0800027c   0x00000002   Code   RO         3045    .ARM.Collect$$rtexit$$00000000  c_w.l(rtexit.o)
    0x0800027e   0x0800027e   0x00000000   Code   RO         3063    .ARM.Collect$$rtexit$$00000002  c_w.l(rtexit2.o)
    0x0800027e   0x0800027e   0x00000004   Code   RO         3064    .ARM.Collect$$rtexit$$00000003  c_w.l(rtexit2.o)
    0x08000282   0x08000282   0x00000006   Code   RO         3065    .ARM.Collect$$rtexit$$00000004  c_w.l(rtexit2.o)
    0x08000288   0x08000288   0x00000040   Code   RO            4    .text               startup_stm32g491xx.o
    0x080002c8   0x080002c8   0x000000f0   Code   RO         2485    .text               c_w.l(lludivv7m.o)
    0x080003b8   0x080003b8   0x00000016   Code   RO         2489    .text               c_w.l(abort.o)
    0x080003ce   0x080003ce   0x0000000a   Code   RO         2494    .text               c_w.l(cxa_atexit.o)
    0x080003d8   0x080003d8   0x00000084   Code   RO         2499    .text               c_w.l(rt_memmove_v6.o)
    0x0800045c   0x0800045c   0x0000007a   Code   RO         2501    .text               c_w.l(rt_memmove_w.o)
    0x080004d6   0x080004d6   0x0000004e   Code   RO         2503    .text               c_w.l(rt_memclr_w.o)
    0x08000524   0x08000524   0x00000006   Code   RO         2505    .text               c_w.l(heapauxi.o)
    0x0800052a   0x0800052a   0x00000002   PAD
    0x0800052c   0x0800052c   0x00000024   Code   RO         2512    .text               c_w.l(init_aeabi.o)
    0x08000550   0x08000550   0x0000000c   Code   RO         2576    .text               c_w.l(sys_exit.o)
    0x0800055c   0x0800055c   0x0000005e   Code   RO         2589    .text               c_w.l(h1_alloc.o)
    0x080005ba   0x080005ba   0x0000004e   Code   RO         2591    .text               c_w.l(h1_free.o)
    0x08000608   0x08000608   0x0000002e   Code   RO         2745    .text               c_w.l(aeabi_atexit.o)
    0x08000636   0x08000636   0x0000000e   Code   RO         2748    .text               c_w.l(defsig_abrt_outer.o)
    0x08000644   0x08000644   0x0000008a   Code   RO         2752    .text               c_w.l(rt_memcpy_v6.o)
    0x080006ce   0x080006ce   0x00000064   Code   RO         2754    .text               c_w.l(rt_memcpy_w.o)
    0x08000732   0x08000732   0x00000002   Code   RO         2842    .text               c_w.l(use_no_semi.o)
    0x08000734   0x08000734   0x00000000   Code   RO         2846    .text               c_w.l(indicate_semi.o)
    0x08000734   0x08000734   0x00000008   Code   RO         2869    .text               c_w.l(rt_heap_descriptor_intlibspace.o)
    0x0800073c   0x0800073c   0x00000008   Code   RO         2874    .text               c_w.l(rt_ddtor_pointer_addr_intlibspace.o)
    0x08000744   0x08000744   0x00000004   Code   RO         2876    .text               c_w.l(hguard.o)
    0x08000748   0x08000748   0x0000008a   Code   RO         2878    .text               c_w.l(init_alloc.o)
    0x080007d2   0x080007d2   0x0000000e   Code   RO         2882    .text               c_w.l(h1_init.o)
    0x080007e0   0x080007e0   0x00000042   Code   RO         2914    .text               c_w.l(cxa_finalize.o)
    0x08000822   0x08000822   0x0000000a   Code   RO         2917    .text               c_w.l(defsig_exit.o)
    0x0800082c   0x0800082c   0x00000030   Code   RO         2919    .text               c_w.l(defsig_abrt_inner.o)
    0x0800085c   0x0800085c   0x00000008   Code   RO         2942    .text               c_w.l(libspace.o)
    0x08000864   0x08000864   0x0000004a   Code   RO         2945    .text               c_w.l(sys_stackheap_outer.o)
    0x080008ae   0x080008ae   0x00000000   Code   RO         2956    .text               c_w.l(maybetermalloc1.o)
    0x080008ae   0x080008ae   0x00000034   Code   RO         2958    .text               c_w.l(h1_extend.o)
    0x080008e2   0x080008e2   0x00000012   Code   RO         2994    .text               c_w.l(exit.o)
    0x080008f4   0x080008f4   0x00000032   Code   RO         2998    .text               c_w.l(defsig_general.o)
    0x08000926   0x08000926   0x0000000e   Code   RO         3004    .text               c_w.l(defsig_rtmem_outer.o)
    0x08000934   0x08000934   0x0000000e   Code   RO         3041    .text               c_w.l(sys_wrch.o)
    0x08000942   0x08000942   0x00000002   PAD
    0x08000944   0x08000944   0x00000050   Code   RO         3056    .text               c_w.l(defsig_rtmem_inner.o)
    0x08000994   0x08000994   0x00000060   Code   RO          270    .text.ADC_DMAConvCplt  stm32g4xx_hal_adc.o
    0x080009f4   0x080009f4   0x00000016   Code   RO          274    .text.ADC_DMAError  stm32g4xx_hal_adc.o
    0x08000a0a   0x08000a0a   0x00000002   PAD
    0x08000a0c   0x08000a0c   0x00000006   Code   RO          272    .text.ADC_DMAHalfConvCplt  stm32g4xx_hal_adc.o
    0x08000a12   0x08000a12   0x00000002   PAD
    0x08000a14   0x08000a14   0x000000de   Code   RO          256    .text.ADC_Enable    stm32g4xx_hal_adc.o
    0x08000af2   0x08000af2   0x00000002   PAD
    0x08000af4   0x08000af4   0x00000400   Code   RO           41    .text.ArviGet       digital.o
    0x08000ef4   0x08000ef4   0x000001ce   Code   RO           17    .text.ArviGet_AD    analog.o
    0x080010c2   0x080010c2   0x00000006   PAD
    0x080010c8   0x080010c8   0x00000164   Code   RO           21    .text.ArviGet_mA    analog.o
    0x0800122c   0x0800122c   0x00000004   PAD
    0x08001230   0x08001230   0x00000120   Code   RO           19    .text.ArviGet_mV    analog.o
    0x08001350   0x08001350   0x0000021a   Code   RO           39    .text.ArviSet       digital.o
    0x0800156a   0x0800156a   0x00000002   PAD
    0x0800156c   0x0800156c   0x000000ba   Code   RO          216    .text.Arvi_Main     arvi-main.o
    0x08001626   0x08001626   0x00000002   PAD
    0x08001628   0x08001628   0x00000068   Code   RO          212    .text.Arvi_Setup    arvi-main.o
    0x08001690   0x08001690   0x000000aa   Code   RO          126    .text.Bios_Init     main.o
    0x0800173a   0x0800173a   0x00000002   PAD
    0x0800173c   0x0800173c   0x00000002   Code   RO          148    .text.BusFault_Handler  stm32g4xx_it.o
    0x0800173e   0x0800173e   0x00000002   PAD
    0x08001740   0x08001740   0x0000000c   Code   RO          160    .text.DMA1_Channel1_IRQHandler  stm32g4xx_it.o
    0x0800174c   0x0800174c   0x0000000c   Code   RO          162    .text.DMA1_Channel2_IRQHandler  stm32g4xx_it.o
    0x08001758   0x08001758   0x00000002   Code   RO          154    .text.DebugMon_Handler  stm32g4xx_it.o
    0x0800175a   0x0800175a   0x00000002   PAD
    0x0800175c   0x0800175c   0x0000000a   Code   RO           75    .text.Error_Handler  init.o
    0x08001766   0x08001766   0x00000002   PAD
    0x08001768   0x08001768   0x0000000e   Code   RO          120    .text.GetMilliSec   main.o
    0x08001776   0x08001776   0x00000002   PAD
    0x08001778   0x08001778   0x00000354   Code   RO          294    .text.HAL_ADC_ConfigChannel  stm32g4xx_hal_adc.o
    0x08001acc   0x08001acc   0x00000002   Code   RO          286    .text.HAL_ADC_ConvCpltCallback  stm32g4xx_hal_adc.o
    0x08001ace   0x08001ace   0x00000002   PAD
    0x08001ad0   0x08001ad0   0x00000002   Code   RO          292    .text.HAL_ADC_ConvHalfCpltCallback  stm32g4xx_hal_adc.o
    0x08001ad2   0x08001ad2   0x00000002   PAD
    0x08001ad4   0x08001ad4   0x00000002   Code   RO          290    .text.HAL_ADC_ErrorCallback  stm32g4xx_hal_adc.o
    0x08001ad6   0x08001ad6   0x00000002   PAD
    0x08001ad8   0x08001ad8   0x00000230   Code   RO          242    .text.HAL_ADC_Init  stm32g4xx_hal_adc.o
    0x08001d08   0x08001d08   0x000001d8   Code   RO          177    .text.HAL_ADC_MspInit  stm32g4xx_hal_msp.o
    0x08001ee0   0x08001ee0   0x00000106   Code   RO          268    .text.HAL_ADC_Start_DMA  stm32g4xx_hal_adc.o
    0x08001fe6   0x08001fe6   0x00000002   PAD
    0x08001fe8   0x08001fe8   0x000001d8   Code   RO          918    .text.HAL_DAC_ConfigChannel  stm32g4xx_hal_dac.o
    0x080021c0   0x080021c0   0x00000028   Code   RO          882    .text.HAL_DAC_Init  stm32g4xx_hal_dac.o
    0x080021e8   0x080021e8   0x00000066   Code   RO          181    .text.HAL_DAC_MspInit  stm32g4xx_hal_msp.o
    0x0800224e   0x0800224e   0x00000002   PAD
    0x08002250   0x08002250   0x0000006e   Code   RO          672    .text.HAL_DMA_Abort  stm32g4xx_hal_dma.o
    0x080022be   0x080022be   0x00000002   PAD
    0x080022c0   0x080022c0   0x0000007a   Code   RO          674    .text.HAL_DMA_Abort_IT  stm32g4xx_hal_dma.o
    0x0800233a   0x0800233a   0x00000002   PAD
    0x0800233c   0x0800233c   0x000000a6   Code   RO          678    .text.HAL_DMA_IRQHandler  stm32g4xx_hal_dma.o
    0x080023e2   0x080023e2   0x00000002   PAD
    0x080023e4   0x080023e4   0x00000124   Code   RO          664    .text.HAL_DMA_Init  stm32g4xx_hal_dma.o
    0x08002508   0x08002508   0x000000e2   Code   RO          670    .text.HAL_DMA_Start_IT  stm32g4xx_hal_dma.o
    0x080025ea   0x080025ea   0x00000002   PAD
    0x080025ec   0x080025ec   0x000001de   Code   RO          982    .text.HAL_FDCAN_Init  stm32g4xx_hal_fdcan.o
    0x080027ca   0x080027ca   0x00000002   PAD
    0x080027cc   0x080027cc   0x00000094   Code   RO          185    .text.HAL_FDCAN_MspInit  stm32g4xx_hal_msp.o
    0x08002860   0x08002860   0x0000019e   Code   RO          614    .text.HAL_GPIO_Init  stm32g4xx_hal_gpio.o
    0x080029fe   0x080029fe   0x00000002   PAD
    0x08002a00   0x08002a00   0x0000000a   Code   RO          618    .text.HAL_GPIO_ReadPin  stm32g4xx_hal_gpio.o
    0x08002a0a   0x08002a0a   0x00000002   PAD
    0x08002a0c   0x08002a0c   0x0000000c   Code   RO          620    .text.HAL_GPIO_WritePin  stm32g4xx_hal_gpio.o
    0x08002a18   0x08002a18   0x0000000c   Code   RO          385    .text.HAL_GetTick   stm32g4xx_hal.o
    0x08002a24   0x08002a24   0x0000004a   Code   RO         1265    .text.HAL_I2CEx_ConfigAnalogFilter  stm32g4xx_hal_i2c_ex.o
    0x08002a6e   0x08002a6e   0x00000002   PAD
    0x08002a70   0x08002a70   0x00000048   Code   RO         1267    .text.HAL_I2CEx_ConfigDigitalFilter  stm32g4xx_hal_i2c_ex.o
    0x08002ab8   0x08002ab8   0x000000a6   Code   RO         1111    .text.HAL_I2C_Init  stm32g4xx_hal_i2c.o
    0x08002b5e   0x08002b5e   0x00000002   PAD
    0x08002b60   0x08002b60   0x00000324   Code   RO         1171    .text.HAL_I2C_Mem_Read  stm32g4xx_hal_i2c.o
    0x08002e84   0x08002e84   0x00000324   Code   RO         1169    .text.HAL_I2C_Mem_Write  stm32g4xx_hal_i2c.o
    0x080031a8   0x080031a8   0x00000134   Code   RO          189    .text.HAL_I2C_MspInit  stm32g4xx_hal_msp.o
    0x080032dc   0x080032dc   0x0000001a   Code   RO          383    .text.HAL_IncTick   stm32g4xx_hal.o
    0x080032f6   0x080032f6   0x00000002   PAD
    0x080032f8   0x080032f8   0x0000001e   Code   RO          373    .text.HAL_Init      stm32g4xx_hal.o
    0x08003316   0x08003316   0x00000002   PAD
    0x08003318   0x08003318   0x00000054   Code   RO          375    .text.HAL_InitTick  stm32g4xx_hal.o
    0x0800336c   0x0800336c   0x00000084   Code   RO         1299    .text.HAL_LIN_Init  stm32g4xx_hal_uart.o
    0x080033f0   0x080033f0   0x0000002c   Code   RO         1403    .text.HAL_LIN_SendBreak  stm32g4xx_hal_uart.o
    0x0800341c   0x0800341c   0x00000034   Code   RO          175    .text.HAL_MspInit   stm32g4xx_hal_msp.o
    0x08003450   0x08003450   0x00000020   Code   RO          840    .text.HAL_NVIC_EnableIRQ  stm32g4xx_hal_cortex.o
    0x08003470   0x08003470   0x00000056   Code   RO          838    .text.HAL_NVIC_SetPriority  stm32g4xx_hal_cortex.o
    0x080034c6   0x080034c6   0x00000002   PAD
    0x080034c8   0x080034c8   0x00000020   Code   RO          836    .text.HAL_NVIC_SetPriorityGrouping  stm32g4xx_hal_cortex.o
    0x080034e8   0x080034e8   0x00000106   Code   RO          756    .text.HAL_PWREx_ControlVoltageScaling  stm32g4xx_hal_pwr_ex.o
    0x080035ee   0x080035ee   0x00000002   PAD
    0x080035f0   0x080035f0   0x00000012   Code   RO          826    .text.HAL_PWREx_DisableUCPDDeadBattery  stm32g4xx_hal_pwr_ex.o
    0x08003602   0x08003602   0x00000002   PAD
    0x08003604   0x08003604   0x000002f0   Code   RO          498    .text.HAL_RCCEx_PeriphCLKConfig  stm32g4xx_hal_rcc_ex.o
    0x080038f4   0x080038f4   0x00000322   Code   RO          464    .text.HAL_RCC_ClockConfig  stm32g4xx_hal_rcc.o
    0x08003c16   0x08003c16   0x00000002   PAD
    0x08003c18   0x08003c18   0x0000000c   Code   RO          470    .text.HAL_RCC_GetHCLKFreq  stm32g4xx_hal_rcc.o
    0x08003c24   0x08003c24   0x0000002a   Code   RO          472    .text.HAL_RCC_GetPCLK1Freq  stm32g4xx_hal_rcc.o
    0x08003c4e   0x08003c4e   0x00000002   PAD
    0x08003c50   0x08003c50   0x0000002a   Code   RO          474    .text.HAL_RCC_GetPCLK2Freq  stm32g4xx_hal_rcc.o
    0x08003c7a   0x08003c7a   0x00000002   PAD
    0x08003c7c   0x08003c7c   0x0000007e   Code   RO          466    .text.HAL_RCC_GetSysClockFreq  stm32g4xx_hal_rcc.o
    0x08003cfa   0x08003cfa   0x00000002   PAD
    0x08003cfc   0x08003cfc   0x0000047a   Code   RO          462    .text.HAL_RCC_OscConfig  stm32g4xx_hal_rcc.o
    0x08004176   0x08004176   0x00000002   PAD
    0x08004178   0x08004178   0x0000002c   Code   RO          848    .text.HAL_SYSTICK_Config  stm32g4xx_hal_cortex.o
    0x080041a4   0x080041a4   0x00000036   Code   RO         1449    .text.HAL_UARTEx_DisableFifoMode  stm32g4xx_hal_uart_ex.o
    0x080041da   0x080041da   0x00000002   PAD
    0x080041dc   0x080041dc   0x00000002   Code   RO         1377    .text.HAL_UARTEx_RxEventCallback  stm32g4xx_hal_uart.o
    0x080041de   0x080041de   0x00000002   PAD
    0x080041e0   0x080041e0   0x00000002   Code   RO         1435    .text.HAL_UARTEx_RxFifoFullCallback  stm32g4xx_hal_uart_ex.o
    0x080041e2   0x080041e2   0x00000002   PAD
    0x080041e4   0x080041e4   0x00000092   Code   RO         1453    .text.HAL_UARTEx_SetRxFifoThreshold  stm32g4xx_hal_uart_ex.o
    0x08004276   0x08004276   0x00000002   PAD
    0x08004278   0x08004278   0x00000092   Code   RO         1451    .text.HAL_UARTEx_SetTxFifoThreshold  stm32g4xx_hal_uart_ex.o
    0x0800430a   0x0800430a   0x00000002   PAD
    0x0800430c   0x0800430c   0x00000002   Code   RO         1437    .text.HAL_UARTEx_TxFifoEmptyCallback  stm32g4xx_hal_uart_ex.o
    0x0800430e   0x0800430e   0x00000002   PAD
    0x08004310   0x08004310   0x00000002   Code   RO         1433    .text.HAL_UARTEx_WakeupCallback  stm32g4xx_hal_uart_ex.o
    0x08004312   0x08004312   0x00000002   PAD
    0x08004314   0x08004314   0x00000002   Code   RO         1375    .text.HAL_UART_ErrorCallback  stm32g4xx_hal_uart.o
    0x08004316   0x08004316   0x00000002   PAD
    0x08004318   0x08004318   0x000003ac   Code   RO         1371    .text.HAL_UART_IRQHandler  stm32g4xx_hal_uart.o
    0x080046c4   0x080046c4   0x00000064   Code   RO         1287    .text.HAL_UART_Init  stm32g4xx_hal_uart.o
    0x08004728   0x08004728   0x00000188   Code   RO          193    .text.HAL_UART_MspInit  stm32g4xx_hal_msp.o
    0x080048b0   0x080048b0   0x0000005e   Code   RO         1323    .text.HAL_UART_Receive_IT  stm32g4xx_hal_uart.o
    0x0800490e   0x0800490e   0x00000002   PAD
    0x08004910   0x08004910   0x0000006c   Code   RO         1563    .text.HAL_UART_RxCpltCallback  linmaster.o
    0x0800497c   0x0800497c   0x000000fa   Code   RO         1307    .text.HAL_UART_Transmit  stm32g4xx_hal_uart.o
    0x08004a76   0x08004a76   0x00000002   PAD
    0x08004a78   0x08004a78   0x00000002   Code   RO         1379    .text.HAL_UART_TxCpltCallback  stm32g4xx_hal_uart.o
    0x08004a7a   0x08004a7a   0x00000002   PAD
    0x08004a7c   0x08004a7c   0x00000002   Code   RO          144    .text.HardFault_Handler  stm32g4xx_it.o
    0x08004a7e   0x08004a7e   0x00000002   PAD
    0x08004a80   0x08004a80   0x00000138   Code   RO         1255    .text.I2C_IsErrorOccurred  stm32g4xx_hal_i2c.o
    0x08004bb8   0x08004bb8   0x00000064   Code   RO         1123    .text.I2C_WaitOnSTOPFlagUntilTimeout  stm32g4xx_hal_i2c.o
    0x08004c1c   0x08004c1c   0x00000044   Code   RO           77    .text.IO_Extender_Init  init.o
    0x08004c60   0x08004c60   0x000000be   Code   RO           81    .text.MX_ADC1_Init  init.o
    0x08004d1e   0x08004d1e   0x00000002   PAD
    0x08004d20   0x08004d20   0x000001ce   Code   RO           83    .text.MX_ADC2_Init  init.o
    0x08004eee   0x08004eee   0x00000002   PAD
    0x08004ef0   0x08004ef0   0x00000066   Code   RO           79    .text.MX_DAC1_Init  init.o
    0x08004f56   0x08004f56   0x00000002   PAD
    0x08004f58   0x08004f58   0x00000056   Code   RO           97    .text.MX_DMA_Init   init.o
    0x08004fae   0x08004fae   0x00000002   PAD
    0x08004fb0   0x08004fb0   0x0000004e   Code   RO           85    .text.MX_FDCAN1_Init  init.o
    0x08004ffe   0x08004ffe   0x00000002   PAD
    0x08005000   0x08005000   0x00000120   Code   RO           99    .text.MX_GPIO_Init  init.o
    0x08005120   0x08005120   0x00000072   Code   RO           87    .text.MX_I2C2_Init  init.o
    0x08005192   0x08005192   0x00000002   PAD
    0x08005194   0x08005194   0x00000072   Code   RO           89    .text.MX_I2C3_Init  init.o
    0x08005206   0x08005206   0x00000002   PAD
    0x08005208   0x08005208   0x0000008e   Code   RO           91    .text.MX_USART1_UART_Init  init.o
    0x08005296   0x08005296   0x00000002   PAD
    0x08005298   0x08005298   0x0000008a   Code   RO           93    .text.MX_USART2_UART_Init  init.o
    0x08005322   0x08005322   0x00000002   PAD
    0x08005324   0x08005324   0x0000008e   Code   RO           95    .text.MX_USART3_UART_Init  init.o
    0x080053b2   0x080053b2   0x00000002   PAD
    0x080053b4   0x080053b4   0x00000002   Code   RO          146    .text.MemManage_Handler  stm32g4xx_it.o
    0x080053b6   0x080053b6   0x00000002   PAD
    0x080053b8   0x080053b8   0x00000002   Code   RO          142    .text.NMI_Handler   stm32g4xx_it.o
    0x080053ba   0x080053ba   0x00000002   PAD
    0x080053bc   0x080053bc   0x00000002   Code   RO          156    .text.PendSV_Handler  stm32g4xx_it.o
    0x080053be   0x080053be   0x00000002   PAD
    0x080053c0   0x080053c0   0x00000036   Code   RO           63    .text.Read_IO_Expander  comm.o
    0x080053f6   0x080053f6   0x00000002   PAD
    0x080053f8   0x080053f8   0x00000002   Code   RO          152    .text.SVC_Handler   stm32g4xx_it.o
    0x080053fa   0x080053fa   0x00000002   PAD
    0x080053fc   0x080053fc   0x00000096   Code   RO           15    .text.ScanMultiplexores  analog.o
    0x08005492   0x08005492   0x00000002   PAD
    0x08005494   0x08005494   0x0000003a   Code   RO          158    .text.SysTick_Handler  stm32g4xx_it.o
    0x080054ce   0x080054ce   0x00000002   PAD
    0x080054d0   0x080054d0   0x00000076   Code   RO           73    .text.SystemClock_Config  init.o
    0x08005546   0x08005546   0x00000002   PAD
    0x08005548   0x08005548   0x00000012   Code   RO         1472    .text.SystemInit    system_stm32g4xx.o
    0x0800555a   0x0800555a   0x00000002   PAD
    0x0800555c   0x0800555c   0x00000012   Code   RO           55    .text.Tx_UART1      comm.o
    0x0800556e   0x0800556e   0x00000002   PAD
    0x08005570   0x08005570   0x00000012   Code   RO           59    .text.Tx_UART3      comm.o
    0x08005582   0x08005582   0x00000002   PAD
    0x08005584   0x08005584   0x000000e6   Code   RO         1291    .text.UART_AdvFeatureConfig  stm32g4xx_hal_uart.o
    0x0800566a   0x0800566a   0x00000002   PAD
    0x0800566c   0x0800566c   0x000000c0   Code   RO         1295    .text.UART_CheckIdleState  stm32g4xx_hal_uart.o
    0x0800572c   0x0800572c   0x00000010   Code   RO         1373    .text.UART_DMAAbortOnError  stm32g4xx_hal_uart.o
    0x0800573c   0x0800573c   0x000000ce   Code   RO         1413    .text.UART_RxISR_16BIT  stm32g4xx_hal_uart.o
    0x0800580a   0x0800580a   0x00000002   PAD
    0x0800580c   0x0800580c   0x000001d0   Code   RO         1409    .text.UART_RxISR_16BIT_FIFOEN  stm32g4xx_hal_uart.o
    0x080059dc   0x080059dc   0x000000ce   Code   RO         1415    .text.UART_RxISR_8BIT  stm32g4xx_hal_uart.o
    0x08005aaa   0x08005aaa   0x00000002   PAD
    0x08005aac   0x08005aac   0x000001d4   Code   RO         1411    .text.UART_RxISR_8BIT_FIFOEN  stm32g4xx_hal_uart.o
    0x08005c80   0x08005c80   0x000002e8   Code   RO         1293    .text.UART_SetConfig  stm32g4xx_hal_uart.o
    0x08005f68   0x08005f68   0x0000011c   Code   RO         1325    .text.UART_Start_Receive_IT  stm32g4xx_hal_uart.o
    0x08006084   0x08006084   0x00000146   Code   RO         1309    .text.UART_WaitOnFlagUntilTimeout  stm32g4xx_hal_uart.o
    0x080061ca   0x080061ca   0x00000002   PAD
    0x080061cc   0x080061cc   0x0000000c   Code   RO          164    .text.USART1_IRQHandler  stm32g4xx_it.o
    0x080061d8   0x080061d8   0x0000000c   Code   RO          166    .text.USART3_IRQHandler  stm32g4xx_it.o
    0x080061e4   0x080061e4   0x00000002   Code   RO          150    .text.UsageFault_Handler  stm32g4xx_it.o
    0x080061e6   0x080061e6   0x00000002   PAD
    0x080061e8   0x080061e8   0x00000038   Code   RO           61    .text.Write_IO_Expander  comm.o
    0x08006220   0x08006220   0x00000024   Code   RO          218    .text._GLOBAL__sub_I_Arvi_Main.cpp  arvi-main.o
    0x08006244   0x08006244   0x00000024   Code   RO         1503    .text._GLOBAL__sub_I_CanAttender.cpp  canattender.o
    0x08006268   0x08006268   0x00000024   Code   RO         2446    .text._GLOBAL__sub_I_ErrorManager.cpp  errormanager.o
    0x0800628c   0x0800628c   0x00000b0a   Code   RO          208    .text._Z10initTopicsv  arvi-main.o
    0x08006d96   0x08006d96   0x00000002   PAD
    0x08006d98   0x08006d98   0x00000088   Code   RO         1999    .text._ZN10GrayWater111updateStateEv  graywater_1.o
    0x08006e20   0x08006e20   0x00000004   Code   RO         2005    .text._ZN10GrayWater113getTopicStateEv  graywater_1.o
    0x08006e24   0x08006e24   0x000000f4   Code   RO         2003    .text._ZN10GrayWater113topicReceivedEPh  graywater_1.o
    0x08006f18   0x08006f18   0x0000000e   Code   RO         1995    .text._ZN10GrayWater15setOnEv  graywater_1.o
    0x08006f26   0x08006f26   0x00000002   PAD
    0x08006f28   0x08006f28   0x0000000e   Code   RO         1997    .text._ZN10GrayWater16setOffEv  graywater_1.o
    0x08006f36   0x08006f36   0x00000002   PAD
    0x08006f38   0x08006f38   0x0000004a   Code   RO         1993    .text._ZN10GrayWater1C2Es  graywater_1.o
    0x08006f82   0x08006f82   0x00000002   PAD
    0x08006f84   0x08006f84   0x00000040   Code   RO         1602    .text._ZN10LinClients12verifyIdInfoEh  linclients.o
    0x08006fc4   0x08006fc4   0x00000006   Code   RO         1608    .text._ZN10LinClients16getSizeInfoFrameEv  linclients.o
    0x08006fca   0x08006fca   0x00000002   PAD
    0x08006fcc   0x08006fcc   0x00000002   Code   RO         1604    .text._ZN10LinClients16processInfoFrameEPh  linclients.o
    0x08006fce   0x08006fce   0x00000002   PAD
    0x08006fd0   0x08006fd0   0x00000004   Code   RO         1606    .text._ZN10LinClients16setSizeInfoFrameEs  linclients.o
    0x08006fd4   0x08006fd4   0x00000092   Code   RO         1598    .text._ZN10LinClients9setIdInfoEh  linclients.o
    0x08007066   0x08007066   0x00000002   PAD
    0x08007068   0x08007068   0x00000032   Code   RO         1594    .text._ZN10LinClientsC2Ev  linclients.o
    0x0800709a   0x0800709a   0x00000002   PAD
    0x0800709c   0x0800709c   0x00000002   Code   RO         2341    .text._ZN10Multimedia11updateStateEv  multimedia.o
    0x0800709e   0x0800709e   0x00000002   PAD
    0x080070a0   0x080070a0   0x00000004   Code   RO         2347    .text._ZN10Multimedia13getTopicStateEv  multimedia.o
    0x080070a4   0x080070a4   0x00000022   Code   RO         2345    .text._ZN10Multimedia13topicReceivedEPh  multimedia.o
    0x080070c6   0x080070c6   0x00000002   PAD
    0x080070c8   0x080070c8   0x00000030   Code   RO         2337    .text._ZN10Multimedia5setOnEv  multimedia.o
    0x080070f8   0x080070f8   0x00000030   Code   RO         2339    .text._ZN10Multimedia6setOffEv  multimedia.o
    0x08007128   0x08007128   0x00000022   Code   RO         2335    .text._ZN10MultimediaC2Es  multimedia.o
    0x0800714a   0x0800714a   0x00000006   PAD
    0x08007150   0x08007150   0x00000088   Code   RO         1900    .text._ZN11FreshWater111updateStateEv  freshwater_1.o
    0x080071d8   0x080071d8   0x00000004   Code   RO         1906    .text._ZN11FreshWater113getTopicStateEv  freshwater_1.o
    0x080071dc   0x080071dc   0x000000f4   Code   RO         1904    .text._ZN11FreshWater113topicReceivedEPh  freshwater_1.o
    0x080072d0   0x080072d0   0x0000000e   Code   RO         1896    .text._ZN11FreshWater15setOnEv  freshwater_1.o
    0x080072de   0x080072de   0x00000002   PAD
    0x080072e0   0x080072e0   0x0000000e   Code   RO         1898    .text._ZN11FreshWater16setOffEv  freshwater_1.o
    0x080072ee   0x080072ee   0x00000002   PAD
    0x080072f0   0x080072f0   0x0000004a   Code   RO         1894    .text._ZN11FreshWater1C2Es  freshwater_1.o
    0x0800733a   0x0800733a   0x00000002   PAD
    0x0800733c   0x0800733c   0x00000002   Code   RO         1874    .text._ZN12FloorHeating11updateStateEv  floorheating.o
    0x0800733e   0x0800733e   0x00000002   PAD
    0x08007340   0x08007340   0x00000004   Code   RO         1880    .text._ZN12FloorHeating13getTopicStateEv  floorheating.o
    0x08007344   0x08007344   0x00000026   Code   RO         1878    .text._ZN12FloorHeating13topicReceivedEPh  floorheating.o
    0x0800736a   0x0800736a   0x00000002   PAD
    0x0800736c   0x0800736c   0x00000030   Code   RO         1870    .text._ZN12FloorHeating5setOnEv  floorheating.o
    0x0800739c   0x0800739c   0x00000030   Code   RO         1872    .text._ZN12FloorHeating6setOffEv  floorheating.o
    0x080073cc   0x080073cc   0x00000024   Code   RO         1868    .text._ZN12FloorHeatingC2Es  floorheating.o
    0x080073f0   0x080073f0   0x00000002   Code   RO         1755    .text._ZN13EmptyingValve11updateStateEv  emptyingvalve.o
    0x080073f2   0x080073f2   0x00000002   PAD
    0x080073f4   0x080073f4   0x00000004   Code   RO         1761    .text._ZN13EmptyingValve13getTopicStateEv  emptyingvalve.o
    0x080073f8   0x080073f8   0x00000078   Code   RO         1759    .text._ZN13EmptyingValve13topicReceivedEPh  emptyingvalve.o
    0x08007470   0x08007470   0x00000022   Code   RO         1751    .text._ZN13EmptyingValve5setOnEv  emptyingvalve.o
    0x08007492   0x08007492   0x00000002   PAD
    0x08007494   0x08007494   0x00000022   Code   RO         1753    .text._ZN13EmptyingValve6setOffEv  emptyingvalve.o
    0x080074b6   0x080074b6   0x00000002   PAD
    0x080074b8   0x080074b8   0x00000024   Code   RO         1749    .text._ZN13EmptyingValveC2Es  emptyingvalve.o
    0x080074dc   0x080074dc   0x00000048   Code   RO         1803    .text._ZN14EngineBattery111updateStateEv  enginebattery1.o
    0x08007524   0x08007524   0x00000004   Code   RO         1809    .text._ZN14EngineBattery113getTopicStateEv  enginebattery1.o
    0x08007528   0x08007528   0x00000002   Code   RO         1807    .text._ZN14EngineBattery113topicReceivedEPh  enginebattery1.o
    0x0800752a   0x0800752a   0x00000002   PAD
    0x0800752c   0x0800752c   0x00000002   Code   RO         1799    .text._ZN14EngineBattery15setOnEv  enginebattery1.o
    0x0800752e   0x0800752e   0x00000002   PAD
    0x08007530   0x08007530   0x00000002   Code   RO         1801    .text._ZN14EngineBattery16setOffEv  enginebattery1.o
    0x08007532   0x08007532   0x00000002   PAD
    0x08007534   0x08007534   0x00000026   Code   RO         1797    .text._ZN14EngineBattery1C2Es  enginebattery1.o
    0x0800755a   0x0800755a   0x00000002   PAD
    0x0800755c   0x0800755c   0x00000002   Code   RO         1826    .text._ZN14ExternalLigths11updateStateEv  externalligths.o
    0x0800755e   0x0800755e   0x00000002   PAD
    0x08007560   0x08007560   0x00000004   Code   RO         1832    .text._ZN14ExternalLigths13getTopicStateEv  externalligths.o
    0x08007564   0x08007564   0x00000022   Code   RO         1830    .text._ZN14ExternalLigths13topicReceivedEPh  externalligths.o
    0x08007586   0x08007586   0x00000002   PAD
    0x08007588   0x08007588   0x0000000e   Code   RO         1822    .text._ZN14ExternalLigths5setOnEv  externalligths.o
    0x08007596   0x08007596   0x00000002   PAD
    0x08007598   0x08007598   0x0000000e   Code   RO         1824    .text._ZN14ExternalLigths6setOffEv  externalligths.o
    0x080075a6   0x080075a6   0x00000002   PAD
    0x080075a8   0x080075a8   0x00000024   Code   RO         1820    .text._ZN14ExternalLigthsC2Es  externalligths.o
    0x080075cc   0x080075cc   0x00000002   Code   RO         2050    .text._ZN14InternalLigths11updateStateEv  internalligths.o
    0x080075ce   0x080075ce   0x00000002   PAD
    0x080075d0   0x080075d0   0x00000004   Code   RO         2058    .text._ZN14InternalLigths13getTopicStateEv  internalligths.o
    0x080075d4   0x080075d4   0x0000002c   Code   RO         2054    .text._ZN14InternalLigths13topicReceivedEPh  internalligths.o
    0x08007600   0x08007600   0x0000004c   Code   RO         2046    .text._ZN14InternalLigths5setOnEv  internalligths.o
    0x0800764c   0x0800764c   0x0000004c   Code   RO         2048    .text._ZN14InternalLigths6setOffEv  internalligths.o
    0x08007698   0x08007698   0x00000024   Code   RO         2044    .text._ZN14InternalLigthsC2Es  internalligths.o
    0x080076bc   0x080076bc   0x000000e4   Code   RO         2104    .text._ZN15LeisureBattery111updateStateEv  leisurebattery1.o
    0x080077a0   0x080077a0   0x00000004   Code   RO         2110    .text._ZN15LeisureBattery113getTopicStateEv  leisurebattery1.o
    0x080077a4   0x080077a4   0x00000002   Code   RO         2108    .text._ZN15LeisureBattery113topicReceivedEPh  leisurebattery1.o
    0x080077a6   0x080077a6   0x00000002   PAD
    0x080077a8   0x080077a8   0x000000a8   Code   RO         2112    .text._ZN15LeisureBattery116processInfoFrameEPh  leisurebattery1.o
    0x08007850   0x08007850   0x00000002   Code   RO         2100    .text._ZN15LeisureBattery15setOnEv  leisurebattery1.o
    0x08007852   0x08007852   0x00000002   PAD
    0x08007854   0x08007854   0x00000002   Code   RO         2102    .text._ZN15LeisureBattery16setOffEv  leisurebattery1.o
    0x08007856   0x08007856   0x00000002   PAD
    0x08007858   0x08007858   0x00000080   Code   RO         2098    .text._ZN15LeisureBattery1C2Es  leisurebattery1.o
    0x080078d8   0x080078d8   0x00000076   Code   RO         2391    .text._ZN15SolarRegulator111updateStateEv  solarregulator1.o
    0x0800794e   0x0800794e   0x00000002   PAD
    0x08007950   0x08007950   0x00000004   Code   RO         2397    .text._ZN15SolarRegulator113getTopicStateEv  solarregulator1.o
    0x08007954   0x08007954   0x00000002   Code   RO         2395    .text._ZN15SolarRegulator113topicReceivedEPh  solarregulator1.o
    0x08007956   0x08007956   0x00000002   PAD
    0x08007958   0x08007958   0x00000014   Code   RO         2399    .text._ZN15SolarRegulator116processInfoFrameEPh  solarregulator1.o
    0x0800796c   0x0800796c   0x00000002   Code   RO         2387    .text._ZN15SolarRegulator15setOnEv  solarregulator1.o
    0x0800796e   0x0800796e   0x00000002   PAD
    0x08007970   0x08007970   0x00000002   Code   RO         2389    .text._ZN15SolarRegulator16setOffEv  solarregulator1.o
    0x08007972   0x08007972   0x00000002   PAD
    0x08007974   0x08007974   0x0000006e   Code   RO         2385    .text._ZN15SolarRegulator1C2Es  solarregulator1.o
    0x080079e2   0x080079e2   0x00000002   PAD
    0x080079e4   0x080079e4   0x000000a8   Code   RO         1524    .text._ZN20CommunicationManager10addClientsEP7Devices  comunicationmanager.o
    0x08007a8c   0x08007a8c   0x00000030   Code   RO         1520    .text._ZN20CommunicationManager12processTopicEPh  comunicationmanager.o
    0x08007abc   0x08007abc   0x0000003c   Code   RO         1526    .text._ZN20CommunicationManager13getTopicStateEh  comunicationmanager.o
    0x08007af8   0x08007af8   0x0000000a   Code   RO         1518    .text._ZN20CommunicationManagerC2Ev  comunicationmanager.o
    0x08007b02   0x08007b02   0x00000002   PAD
    0x08007b04   0x08007b04   0x00000062   Code   RO         1538    .text._ZN3Lin13composeMsgLinEh  lin.o
    0x08007b66   0x08007b66   0x00000002   PAD
    0x08007b68   0x08007b68   0x000001b6   Code   RO         1542    .text._ZN3Lin14traslate2TopicEPh  lin.o
    0x08007d1e   0x08007d1e   0x00000002   PAD
    0x08007d20   0x08007d20   0x00000186   Code   RO         1540    .text._ZN3Lin15verifyInfoFrameEh  lin.o
    0x08007ea6   0x08007ea6   0x00000002   PAD
    0x08007ea8   0x08007ea8   0x000003f8   Code   RO         1548    .text._ZN3Lin16updateInfoFramesEv  lin.o
    0x080082a0   0x080082a0   0x00000046   Code   RO         1536    .text._ZN3LinC2Ev   lin.o
    0x080082e6   0x080082e6   0x00000002   PAD
    0x080082e8   0x080082e8   0x00000242   Code   RO         1952    .text._ZN5Fuses11updateStateEv  fuses.o
    0x0800852a   0x0800852a   0x00000002   PAD
    0x0800852c   0x0800852c   0x00000004   Code   RO         1958    .text._ZN5Fuses13getTopicStateEv  fuses.o
    0x08008530   0x08008530   0x00000002   Code   RO         1956    .text._ZN5Fuses13topicReceivedEPh  fuses.o
    0x08008532   0x08008532   0x00000002   PAD
    0x08008534   0x08008534   0x00000002   Code   RO         1948    .text._ZN5Fuses5setOnEv  fuses.o
    0x08008536   0x08008536   0x00000002   PAD
    0x08008538   0x08008538   0x00000002   Code   RO         1950    .text._ZN5Fuses6setOffEv  fuses.o
    0x0800853a   0x0800853a   0x00000002   PAD
    0x0800853c   0x0800853c   0x00000022   Code   RO         1946    .text._ZN5FusesC2Es  fuses.o
    0x0800855e   0x0800855e   0x00000002   PAD
    0x08008560   0x08008560   0x0000007e   Code   RO         2468    .text._ZN5Utils13ioDigitalReadERK12IOParameters  utils.o
    0x080085de   0x080085de   0x00000002   PAD
    0x080085e0   0x080085e0   0x00000124   Code   RO         2466    .text._ZN5Utils14ioDigitalWriteERK12IOParameterss  utils.o
    0x08008704   0x08008704   0x00000018   Code   RO         2470    .text._ZN5Utils7setBitsEtts  utils.o
    0x0800871c   0x0800871c   0x00000072   Code   RO         2440    .text._ZN6Errors10cleanErrorEss  errormanager.o
    0x0800878e   0x0800878e   0x00000002   PAD
    0x08008790   0x08008790   0x0000005c   Code   RO         2436    .text._ZN6Errors11errorExistsEss  errormanager.o
    0x080087ec   0x080087ec   0x00000014   Code   RO         2444    .text._ZN6Errors12getNumErrorsEv  errormanager.o
    0x08008800   0x08008800   0x0000010e   Code   RO         2438    .text._ZN6Errors8addErrorEss  errormanager.o
    0x0800890e   0x0800890e   0x00000002   PAD
    0x08008910   0x08008910   0x000000ce   Code   RO         2442    .text._ZN6Errors8getErrorEv  errormanager.o
    0x080089de   0x080089de   0x00000002   PAD
    0x080089e0   0x080089e0   0x00000002   Code   RO         1928    .text._ZN6Fridge11updateStateEv  fridge.o
    0x080089e2   0x080089e2   0x00000002   PAD
    0x080089e4   0x080089e4   0x00000004   Code   RO         1934    .text._ZN6Fridge13getTopicStateEv  fridge.o
    0x080089e8   0x080089e8   0x00000028   Code   RO         1932    .text._ZN6Fridge13topicReceivedEPh  fridge.o
    0x08008a10   0x08008a10   0x0000000e   Code   RO         1924    .text._ZN6Fridge5setOnEv  fridge.o
    0x08008a1e   0x08008a1e   0x00000002   PAD
    0x08008a20   0x08008a20   0x0000000e   Code   RO         1926    .text._ZN6Fridge6setOffEv  fridge.o
    0x08008a2e   0x08008a2e   0x00000002   PAD
    0x08008a30   0x08008a30   0x00000024   Code   RO         1922    .text._ZN6FridgeC2Es  fridge.o
    0x08008a54   0x08008a54   0x00000006   Code   RO         1691    .text._ZN7Devices10getIdTopicEv  devices.o
    0x08008a5a   0x08008a5a   0x00000002   PAD
    0x08008a5c   0x08008a5c   0x00000010   Code   RO         1689    .text._ZN7DevicesC2Es  devices.o
    0x08008a6c   0x08008a6c   0x00000002   Code   RO         2131    .text._ZN7Ligths111updateStateEv  ligths_1.o
    0x08008a6e   0x08008a6e   0x00000002   PAD
    0x08008a70   0x08008a70   0x00000004   Code   RO         2137    .text._ZN7Ligths113getTopicStateEv  ligths_1.o
    0x08008a74   0x08008a74   0x00000022   Code   RO         2135    .text._ZN7Ligths113topicReceivedEPh  ligths_1.o
    0x08008a96   0x08008a96   0x00000002   PAD
    0x08008a98   0x08008a98   0x0000000e   Code   RO         2127    .text._ZN7Ligths15setOnEv  ligths_1.o
    0x08008aa6   0x08008aa6   0x00000002   PAD
    0x08008aa8   0x08008aa8   0x0000000e   Code   RO         2129    .text._ZN7Ligths16setOffEv  ligths_1.o
    0x08008ab6   0x08008ab6   0x00000002   PAD
    0x08008ab8   0x08008ab8   0x00000024   Code   RO         2125    .text._ZN7Ligths1C2Es  ligths_1.o
    0x08008adc   0x08008adc   0x00000002   Code   RO         2080    .text._ZN8Inverter11updateStateEv  inverter.o
    0x08008ade   0x08008ade   0x00000002   PAD
    0x08008ae0   0x08008ae0   0x00000004   Code   RO         2086    .text._ZN8Inverter13getTopicStateEv  inverter.o
    0x08008ae4   0x08008ae4   0x000000c2   Code   RO         2084    .text._ZN8Inverter13topicReceivedEPh  inverter.o
    0x08008ba6   0x08008ba6   0x00000002   PAD
    0x08008ba8   0x08008ba8   0x0000000e   Code   RO         2076    .text._ZN8Inverter5setOnEv  inverter.o
    0x08008bb6   0x08008bb6   0x00000002   PAD
    0x08008bb8   0x08008bb8   0x0000000e   Code   RO         2078    .text._ZN8Inverter6setOffEv  inverter.o
    0x08008bc6   0x08008bc6   0x00000002   PAD
    0x08008bc8   0x08008bc8   0x00000066   Code   RO         2074    .text._ZN8InverterC2Es  inverter.o
    0x08008c2e   0x08008c2e   0x00000002   PAD
    0x08008c30   0x08008c30   0x000000f2   Code   RO         1565    .text._ZN9LinMaster13composeMsgLinEh  linmaster.o
    0x08008d22   0x08008d22   0x00000002   PAD
    0x08008d24   0x08008d24   0x00000032   Code   RO         1581    .text._ZN9LinMaster13sendInfoFrameEh  linmaster.o
    0x08008d56   0x08008d56   0x00000002   PAD
    0x08008d58   0x08008d58   0x0000003c   Code   RO         1579    .text._ZN9LinMaster16sendControlFrameEPhh  linmaster.o
    0x08008d94   0x08008d94   0x0000001e   Code   RO         1575    .text._ZN9LinMaster17calculateCheckSumEPhs  linmaster.o
    0x08008db2   0x08008db2   0x00000002   PAD
    0x08008db4   0x08008db4   0x0000002a   Code   RO         1577    .text._ZN9LinMaster6idCalcEh  linmaster.o
    0x08008dde   0x08008dde   0x00000002   PAD
    0x08008de0   0x08008de0   0x000000a8   Code   RO         1569    .text._ZN9LinMaster9addClientEP10LinClients  linmaster.o
    0x08008e88   0x08008e88   0x00000040   Code   RO         1567    .text._ZN9LinMasterC2Ev  linmaster.o
    0x08008ec8   0x08008ec8   0x00000002   Code   RO         2418    .text._ZN9WaterPump11updateStateEv  waterpump.o
    0x08008eca   0x08008eca   0x00000002   PAD
    0x08008ecc   0x08008ecc   0x00000004   Code   RO         2424    .text._ZN9WaterPump13getTopicStateEv  waterpump.o
    0x08008ed0   0x08008ed0   0x0000003c   Code   RO         2422    .text._ZN9WaterPump13topicReceivedEPh  waterpump.o
    0x08008f0c   0x08008f0c   0x0000000e   Code   RO         2414    .text._ZN9WaterPump5setOnEv  waterpump.o
    0x08008f1a   0x08008f1a   0x00000002   PAD
    0x08008f1c   0x08008f1c   0x0000000e   Code   RO         2416    .text._ZN9WaterPump6setOffEv  waterpump.o
    0x08008f2a   0x08008f2a   0x00000002   PAD
    0x08008f2c   0x08008f2c   0x00000024   Code   RO         2412    .text._ZN9WaterPumpC2Es  waterpump.o
    0x08008f50   0x08008f50   0x00000016   Code   RO         2457    .text._ZNSt3__26vectorI6errorsNS_9allocatorIS1_EEED2B6v16000Ev  errormanager.o
    0x08008f66   0x08008f66   0x00000002   PAD
    0x08008f68   0x08008f68   0x00000016   Code   RO          237    .text._ZNSt3__26vectorIP13SystemDevicesNS_9allocatorIS2_EEED2B6v16000Ev  arvi-main.o
    0x08008f7e   0x08008f7e   0x00000002   PAD
    0x08008f80   0x08008f80   0x00000016   Code   RO         1514    .text._ZNSt3__26vectorIPhNS_9allocatorIS1_EEED2B6v16000Ev  canattender.o
    0x08008f96   0x08008f96   0x0000000c   Code   RO         2839    .text._ZSt15get_new_handlerv  libcppabi_w.l(cxa_handlers.cpp.o)
    0x08008fa2   0x08008fa2   0x00000002   PAD
    0x08008fa4   0x08008fa4   0x00000004   Code   RO          239    .text._ZSt28__throw_bad_array_new_lengthB6v16000v  arvi-main.o
    0x08008fa8   0x08008fa8   0x00000006   Code   RO         2114    .text._ZThn12_N15LeisureBattery116processInfoFrameEPh  leisurebattery1.o
    0x08008fae   0x08008fae   0x00000002   PAD
    0x08008fb0   0x08008fb0   0x00000014   Code   RO         2401    .text._ZThn12_N15SolarRegulator116processInfoFrameEPh  solarregulator1.o
    0x08008fc4   0x08008fc4   0x00000006   Code   RO         2001    .text._ZThn8_N10GrayWater111updateStateEv  graywater_1.o
    0x08008fca   0x08008fca   0x00000002   PAD
    0x08008fcc   0x08008fcc   0x00000002   Code   RO         2343    .text._ZThn8_N10Multimedia11updateStateEv  multimedia.o
    0x08008fce   0x08008fce   0x00000002   PAD
    0x08008fd0   0x08008fd0   0x00000006   Code   RO         1902    .text._ZThn8_N11FreshWater111updateStateEv  freshwater_1.o
    0x08008fd6   0x08008fd6   0x00000002   PAD
    0x08008fd8   0x08008fd8   0x00000002   Code   RO         1876    .text._ZThn8_N12FloorHeating11updateStateEv  floorheating.o
    0x08008fda   0x08008fda   0x00000002   PAD
    0x08008fdc   0x08008fdc   0x00000002   Code   RO         1757    .text._ZThn8_N13EmptyingValve11updateStateEv  emptyingvalve.o
    0x08008fde   0x08008fde   0x00000002   PAD
    0x08008fe0   0x08008fe0   0x00000048   Code   RO         1805    .text._ZThn8_N14EngineBattery111updateStateEv  enginebattery1.o
    0x08009028   0x08009028   0x00000002   Code   RO         1828    .text._ZThn8_N14ExternalLigths11updateStateEv  externalligths.o
    0x0800902a   0x0800902a   0x00000002   PAD
    0x0800902c   0x0800902c   0x00000002   Code   RO         2052    .text._ZThn8_N14InternalLigths11updateStateEv  internalligths.o
    0x0800902e   0x0800902e   0x00000002   PAD
    0x08009030   0x08009030   0x00000006   Code   RO         2106    .text._ZThn8_N15LeisureBattery111updateStateEv  leisurebattery1.o
    0x08009036   0x08009036   0x00000002   PAD
    0x08009038   0x08009038   0x00000076   Code   RO         2393    .text._ZThn8_N15SolarRegulator111updateStateEv  solarregulator1.o
    0x080090ae   0x080090ae   0x00000002   PAD
    0x080090b0   0x080090b0   0x00000006   Code   RO         1954    .text._ZThn8_N5Fuses11updateStateEv  fuses.o
    0x080090b6   0x080090b6   0x00000002   PAD
    0x080090b8   0x080090b8   0x00000002   Code   RO         1930    .text._ZThn8_N6Fridge11updateStateEv  fridge.o
    0x080090ba   0x080090ba   0x00000002   PAD
    0x080090bc   0x080090bc   0x00000002   Code   RO         2133    .text._ZThn8_N7Ligths111updateStateEv  ligths_1.o
    0x080090be   0x080090be   0x00000002   PAD
    0x080090c0   0x080090c0   0x00000002   Code   RO         2082    .text._ZThn8_N8Inverter11updateStateEv  inverter.o
    0x080090c2   0x080090c2   0x00000002   PAD
    0x080090c4   0x080090c4   0x00000002   Code   RO         2420    .text._ZThn8_N9WaterPump11updateStateEv  waterpump.o
    0x080090c6   0x080090c6   0x00000004   Code   RO         2536    .text._ZdlPv        libcpp_w.l(new.cpp.o)
    0x080090ca   0x080090ca   0x00000004   Code   RO         2540    .text._ZdlPvj       libcpp_w.l(new.cpp.o)
    0x080090ce   0x080090ce   0x00000002   PAD
    0x080090d0   0x080090d0   0x00000026   Code   RO         2528    .text._Znwj         libcpp_w.l(new.cpp.o)
    0x080090f6   0x080090f6   0x00000002   PAD
    0x080090f8   0x080090f8   0x00000028   Code   RO         2571    .text.__cxa_pure_virtual  libcppabi_w.l(cxa_virtual.cpp.o)
    0x08009120   0x08009120   0x00000004   Code   RO         2823    .text.abort_message  libcppabi_w.l(abort_message.cpp.o)
    0x08009124   0x08009124   0x00000066   Code   RO          128    .text.main          main.o
    0x0800918a   0x0800918a   0x00000002   PAD
    0x0800918c   0x0800918c   0x00000062   Code   RO         2515    x$fpl$d2f           fz_wm.l(d2f.o)
    0x080091ee   0x080091ee   0x00000026   Code   RO         2517    x$fpl$dfltu         fz_wm.l(dflt_clz.o)
    0x08009214   0x08009214   0x00000154   Code   RO         2523    x$fpl$dmul          fz_wm.l(dmul.o)
    0x08009368   0x08009368   0x0000009c   Code   RO         2807    x$fpl$dnaninf       fz_wm.l(dnaninf.o)
    0x08009404   0x08009404   0x0000000c   Code   RO         2809    x$fpl$dretinf       fz_wm.l(dretinf.o)
    0x08009410   0x08009410   0x0000001a   Code   RO         2925    x$fpl$fpinit        fz_wm.l(fpinit.o)
    0x0800942a   0x0800942a   0x0000000a   Code   RO         2811    x$fpl$fretinf       fz_wm.l(fretinf.o)
    0x08009434   0x08009434   0x00000000   Code   RO         2821    x$fpl$usenofp       fz_wm.l(usenofp.o)
    0x08009434   0x08009434   0x00000010   Data   RO         1477    .rodata.AHBPrescTable  system_stm32g4xx.o
    0x08009444   0x08009444   0x00000008   Data   RO         1478    .rodata.APBPrescTable  system_stm32g4xx.o
    0x0800944c   0x0800944c   0x00000018   Data   RO         1421    .rodata.UARTPrescTable  stm32g4xx_hal_uart.o
    0x08009464   0x08009464   0x00000008   Data   RO         2427    .rodata._ZL10FWATERPUMP  waterpump.o
    0x0800946c   0x0800946c   0x00000008   Data   RO         1937    .rodata._ZL11FRIDGE_CTRL  fridge.o
    0x08009474   0x08009474   0x00000008   Data   RO         2350    .rodata._ZL12MULTIMEDIA_1  multimedia.o
    0x0800947c   0x0800947c   0x00000008   Data   RO         2351    .rodata._ZL12MULTIMEDIA_2  multimedia.o
    0x08009484   0x08009484   0x00000008   Data   RO         2352    .rodata._ZL12MULTIMEDIA_3  multimedia.o
    0x0800948c   0x0800948c   0x00000008   Data   RO         1765    .rodata._ZL14EMPTY_VALVE_ON  emptyingvalve.o
    0x08009494   0x08009494   0x00000008   Data   RO         1764    .rodata._ZL15EMPTY_VALVE_OFF  emptyingvalve.o
    0x0800949c   0x0800949c   0x00000008   Data   RO         1835    .rodata._ZL15EXTERNAL_LIGHTS  externalligths.o
    0x080094a4   0x080094a4   0x00000008   Data   RO         1883    .rodata._ZL15FLOOR_HEATING_1  floorheating.o
    0x080094ac   0x080094ac   0x00000008   Data   RO         1884    .rodata._ZL15FLOOR_HEATING_2  floorheating.o
    0x080094b4   0x080094b4   0x00000008   Data   RO         1885    .rodata._ZL15FLOOR_HEATING_3  floorheating.o
    0x080094bc   0x080094bc   0x00000008   Data   RO         2140    .rodata._ZL6LIGHT1  ligths_1.o
    0x080094c4   0x080094c4   0x00000008   Data   RO         2061    .rodata._ZL6LIGHT2  internalligths.o
    0x080094cc   0x080094cc   0x00000008   Data   RO         2062    .rodata._ZL6LIGHT3  internalligths.o
    0x080094d4   0x080094d4   0x00000008   Data   RO         2063    .rodata._ZL6LIGHT4  internalligths.o
    0x080094dc   0x080094dc   0x00000008   Data   RO         2064    .rodata._ZL6LIGHT5  internalligths.o
    0x080094e4   0x080094e4   0x00000008   Data   RO         2065    .rodata._ZL6LIGHT6  internalligths.o
    0x080094ec   0x080094ec   0x00000008   Data   RO         1910    .rodata._ZL8FWATER25  freshwater_1.o
    0x080094f4   0x080094f4   0x00000008   Data   RO         1911    .rodata._ZL8FWATER50  freshwater_1.o
    0x080094fc   0x080094fc   0x00000008   Data   RO         1912    .rodata._ZL8FWATER75  freshwater_1.o
    0x08009504   0x08009504   0x00000008   Data   RO         1909    .rodata._ZL8FWATERON  freshwater_1.o
    0x0800950c   0x0800950c   0x00000008   Data   RO         2009    .rodata._ZL8GWATER25  graywater_1.o
    0x08009514   0x08009514   0x00000008   Data   RO         2010    .rodata._ZL8GWATER50  graywater_1.o
    0x0800951c   0x0800951c   0x00000008   Data   RO         2011    .rodata._ZL8GWATER75  graywater_1.o
    0x08009524   0x08009524   0x00000008   Data   RO         2008    .rodata._ZL8GWATERON  graywater_1.o
    0x0800952c   0x0800952c   0x00000008   Data   RO         2089    .rodata._ZL8INVERTER  inverter.o
    0x08009534   0x08009534   0x00000008   Data   RO         1913    .rodata._ZL9FWATER100  freshwater_1.o
    0x0800953c   0x0800953c   0x00000008   Data   RO         2012    .rodata._ZL9GWATER100  graywater_1.o
    0x08009544   0x08009544   0x00000028   Data   RO         2007    .rodata._ZTV10GrayWater1  graywater_1.o
    0x0800956c   0x0800956c   0x0000000c   Data   RO         1610    .rodata._ZTV10LinClients  linclients.o
    0x08009578   0x08009578   0x00000028   Data   RO         2349    .rodata._ZTV10Multimedia  multimedia.o
    0x080095a0   0x080095a0   0x00000028   Data   RO         1908    .rodata._ZTV11FreshWater1  freshwater_1.o
    0x080095c8   0x080095c8   0x00000028   Data   RO         1882    .rodata._ZTV12FloorHeating  floorheating.o
    0x080095f0   0x080095f0   0x00000028   Data   RO         1763    .rodata._ZTV13EmptyingValve  emptyingvalve.o
    0x08009618   0x08009618   0x0000000c   Data   RO         1641    .rodata._ZTV13SystemDevices  airconditioner1.o
    0x08009624   0x08009624   0x00000028   Data   RO         1811    .rodata._ZTV14EngineBattery1  enginebattery1.o
    0x0800964c   0x0800964c   0x00000028   Data   RO         1834    .rodata._ZTV14ExternalLigths  externalligths.o
    0x08009674   0x08009674   0x00000028   Data   RO         2060    .rodata._ZTV14InternalLigths  internalligths.o
    0x0800969c   0x0800969c   0x00000038   Data   RO         2116    .rodata._ZTV15LeisureBattery1  leisurebattery1.o
    0x080096d4   0x080096d4   0x00000038   Data   RO         2403    .rodata._ZTV15SolarRegulator1  solarregulator1.o
    0x0800970c   0x0800970c   0x00000028   Data   RO         1960    .rodata._ZTV5Fuses  fuses.o
    0x08009734   0x08009734   0x00000028   Data   RO         1936    .rodata._ZTV6Fridge  fridge.o
    0x0800975c   0x0800975c   0x00000018   Data   RO         1700    .rodata._ZTV7Devices  devices.o
    0x08009774   0x08009774   0x00000028   Data   RO         2139    .rodata._ZTV7Ligths1  ligths_1.o
    0x0800979c   0x0800979c   0x00000034   Data   RO         2088    .rodata._ZTV8Inverter  inverter.o
    0x080097d0   0x080097d0   0x00000028   Data   RO         2426    .rodata._ZTV9WaterPump  waterpump.o
    0x080097f8   0x080097f8   0x00000010   Data   RO         1422    .rodata.cst16       stm32g4xx_hal_uart.o
    0x08009808   0x08009808   0x00000010   Data   RO         1463    .rodata.cst8        stm32g4xx_hal_uart_ex.o
    0x08009818   0x08009818   0x00000020   Data   RO         3090    Region$$Table       anon$$obj.o
    0x08009838   0x08009838   0x00000004   Data   RO          229    .init_array         arvi-main.o
    0x0800983c   0x08009838   0x00000004   Data   RO         1506    .init_array         canattender.o
    0x08009840   0x08009838   0x00000004   Data   RO         2449    .init_array         errormanager.o
    0x08009844   0x08009838   0x00000000   Data   RO         2510    .init_array         c_w.l(init_aeabi.o)


    Execution Region RW_IRAM1 (Exec base: 0x20000000, Load base: 0x08009848, Size: 0x000015f0, Max: 0x0001c000, ABSOLUTE)

    Exec Addr    Load Addr    Size         Type   Attr      Idx    E Section Name        Object

    0x20000000   0x08009848   0x00000004   Data   RW         1476    .data.SystemCoreClock  system_stm32g4xx.o
    0x20000004   0x0800984c   0x00000002   Data   RW         1554    .data.counterErrors  lin.o
    0x20000006   0x0800984e   0x00000002   PAD
    0x20000008   0x08009850   0x0000000a   Data   RW         1550    .data.errorState    lin.o
    0x20000012   0x0800985a   0x00000002   PAD
    0x20000014   0x0800985c   0x0000000a   Data   RW         1552    .data.firmware      lin.o
    0x2000001e   0x08009866   0x00000002   PAD
    0x20000020   0x08009868   0x0000000a   Data   RW         1551    .data.identifier    lin.o
    0x2000002a   0x08009872   0x00000002   PAD
    0x2000002c   0x08009874   0x00000004   Data   RW          450    .data.uwTickFreq    stm32g4xx_hal.o
    0x20000030   0x08009878   0x00000004   Data   RW          449    .data.uwTickPrio    stm32g4xx_hal.o
    0x20000034   0x0800987c   0x00000004   PAD
    0x20000038        -       0x00000060   Zero   RW         2943    .bss                c_w.l(libspace.o)
    0x20000098        -       0x00000008   Zero   RW          130    .bss.Arvi_Tick      main.o
    0x200000a0        -       0x00000010   Zero   RW           28    .bss.Conversion_MUX_CS  analog.o
    0x200000b0        -       0x00000010   Zero   RW           24    .bss.Conversion_MUX_FUSE_1  analog.o
    0x200000c0        -       0x00000010   Zero   RW           25    .bss.Conversion_MUX_FUSE_2  analog.o
    0x200000d0        -       0x00000010   Zero   RW           26    .bss.Conversion_MUX_LIGHT  analog.o
    0x200000e0        -       0x00000010   Zero   RW           27    .bss.Conversion_MUX_WATER  analog.o
    0x200000f0        -       0x00000004   Zero   RW          197    .bss.HAL_RCC_ADC12_CLK_ENABLED  stm32g4xx_hal_msp.o
    0x200000f4        -       0x00000001   Zero   RW           29    .bss.ScanMultiplexores.CanalMux  analog.o
    0x200000f5   0x0800987c   0x00000003   PAD
    0x200000f8        -       0x00000004   Zero   RW          132    .bss.Timer1ms       main.o
    0x200000fc        -       0x00000004   Zero   RW          133    .bss.Timer20ms      main.o
    0x20000100        -       0x00000002   Zero   RW         1961    .bss._ZZN5Fuses11updateStateEvE1i  fuses.o
    0x20000102   0x0800987c   0x00000002   PAD
    0x20000104        -       0x00000004   Zero   RW         2936    .bss.__cxa_new_handler  libcppabi_w.l(cxa_default_handlers.cpp.o)
    0x20000108        -       0x00000004   Zero   RW          222    .bss.batteryInstance  arvi-main.o
    0x2000010c   0x0800987c   0x00000004   PAD
    0x20000110        -       0x00000008   Zero   RW          225    .bss.checkVariantTime  arvi-main.o
    0x20000118        -       0x00000004   Zero   RW           30    .bss.convAD1        analog.o
    0x2000011c        -       0x00000012   Zero   RW           23    .bss.convAD2        analog.o
    0x2000012e   0x0800987c   0x00000002   PAD
    0x20000130        -       0x0000000c   Zero   RW          228    .bss.devices        arvi-main.o
    0x2000013c        -       0x00000004   Zero   RW          223    .bss.eBatteryIntance  arvi-main.o
    0x20000140        -       0x0000000c   Zero   RW         2448    .bss.errorList      errormanager.o
    0x2000014c        -       0x0000006c   Zero   RW          103    .bss.hadc1          init.o
    0x200001b8        -       0x0000006c   Zero   RW          104    .bss.hadc2          init.o
    0x20000224        -       0x00000014   Zero   RW          102    .bss.hdac1          init.o
    0x20000238        -       0x00000060   Zero   RW          110    .bss.hdma_adc1      init.o
    0x20000298        -       0x00000060   Zero   RW          111    .bss.hdma_adc2      init.o
    0x200002f8        -       0x00000064   Zero   RW          105    .bss.hfdcan1        init.o
    0x2000035c        -       0x00000054   Zero   RW          106    .bss.hi2c2          init.o
    0x200003b0        -       0x00000054   Zero   RW          101    .bss.hi2c3          init.o
    0x20000404        -       0x00000094   Zero   RW          107    .bss.huart1         init.o
    0x20000498        -       0x00000094   Zero   RW          108    .bss.huart2         init.o
    0x2000052c        -       0x00000094   Zero   RW          109    .bss.huart3         init.o
    0x200005c0        -       0x00000004   Zero   RW          220    .bss.linInstance    arvi-main.o
    0x200005c4        -       0x00000004   Zero   RW          221    .bss.linMasterInstance  arvi-main.o
    0x200005c8        -       0x00000001   Zero   RW         1585    .bss.linstate       linmaster.o
    0x200005c9        -       0x00000001   Zero   RW          131    .bss.main.LedCount  main.o
    0x200005ca   0x0800987c   0x00000002   PAD
    0x200005cc        -       0x0000000c   Zero   RW         1505    .bss.queueMsgCan    canattender.o
    0x200005d8        -       0x00000001   Zero   RW         1583    .bss.readByteU1     linmaster.o
    0x200005d9        -       0x00000001   Zero   RW         1584    .bss.readByteU3     linmaster.o
    0x200005da        -       0x00000001   Zero   RW         1553    .bss.sendError      lin.o
    0x200005db   0x0800987c   0x00000005   PAD
    0x200005e0        -       0x00000008   Zero   RW          224    .bss.updateTimeInfoFrames  arvi-main.o
    0x200005e8        -       0x00000004   Zero   RW          451    .bss.uwTick         stm32g4xx_hal.o
    0x200005ec        -       0x00000001   Zero   RW          226    .bss.variant        arvi-main.o
    0x200005ed        -       0x00000001   Zero   RW          227    .bss.variant3       arvi-main.o
    0x200005ee   0x0800987c   0x00000002   PAD
    0x200005f0        -       0x00000800   Zero   RW            2    HEAP                startup_stm32g491xx.o
    0x20000df0        -       0x00000800   Zero   RW            1    STACK               startup_stm32g491xx.o


==============================================================================

Image component sizes


      Code (inc. data)   RO Data    RW Data    ZI Data      Debug   Object Name

         0          0         12          0          0          0   airconditioner1.o
      1256        258          0          0        103       4515   analog.o
      3178          0          4          0         46      92279   arvi-main.o
        58          0          4          0         12      61000   canattender.o
       146          0          0          0          0       6184   comm.o
       286          0          0          0          0      57605   comunicationmanager.o
        22          0         24          0          0       2427   devices.o
      1562        222          0          0          0       3577   digital.o
       232          0         56          0          0       4004   emptyingvalve.o
       192          8         40          0          0       4572   enginebattery1.o
       760          0          4          0         12      63206   errormanager.o
       106          0         48          0          0       3812   externalligths.o
       178          0         64          0          0       3919   floorheating.o
       492         16         80          0          0       7389   freshwater_1.o
       112          0         48          0          0       3723   fridge.o
       628         14         40          0          2       5839   fuses.o
       492         16         80          0          0       7378   graywater_1.o
      2052          0          0          0       1140      18147   init.o
       240          0         80          0          0      21647   internalligths.o
       332          0         60          0          0      21699   inverter.o
       546         16         56          0          0      23217   leisurebattery1.o
       106          0         48          0          0      21201   ligths_1.o
      2012          4          0         32          1      29288   lin.o
       272          0         12          0          0      56251   linclients.o
       764          4          0          0          3      65128   linmaster.o
       286          0          0          0         17       3423   main.o
       172          0         64          0          0       3836   multimedia.o
       396          0         56          0          0      23174   solarregulator1.o
        64         26        472          0       4096        892   startup_stm32g491xx.o
       152          0          0          8          4       9195   stm32g4xx_hal.o
      2026          0          0          0          0      24783   stm32g4xx_hal_adc.o
       194          0          0          0          0      10563   stm32g4xx_hal_cortex.o
       512          0          0          0          0       9859   stm32g4xx_hal_dac.o
       916          0          0          0          0       9086   stm32g4xx_hal_dma.o
       478          0          0          0          0      22979   stm32g4xx_hal_fdcan.o
       436          0          0          0          0       5273   stm32g4xx_hal_gpio.o
      2186          0          0          0          0      61238   stm32g4xx_hal_i2c.o
       146          0          0          0          0       6596   stm32g4xx_hal_i2c_ex.o
      1474          0          0          0          4      17541   stm32g4xx_hal_msp.o
       280          0          0          0          0       9643   stm32g4xx_hal_pwr_ex.o
      2170          0          0          0          0      10051   stm32g4xx_hal_rcc.o
       752          0          0          0          0      10950   stm32g4xx_hal_rcc_ex.o
      4702         46         40          0          0      35497   stm32g4xx_hal_uart.o
       352          0         16          0          0      11031   stm32g4xx_hal_uart_ex.o
       122          0          0          0          0       5107   stm32g4xx_it.o
        18          0         24          4          0       2810   system_stm32g4xx.o
       442          0          0          0          0       7089   utils.o
       132          0         48          0          0       6017   waterpump.o

    ----------------------------------------------------------------------
     34764        634       1512         52       5464     894640   Object Totals
         0          0         32          0          0          0   (incl. Generated)
       332          4          0          8         24          0   (incl. Padding)

    ----------------------------------------------------------------------

      Code (inc. data)   RO Data    RW Data    ZI Data      Debug   Library Member Name

         8          0          0          0          0         68   __main.o
         0          0          0          0          0          0   __rtentry.o
        12          0          0          0          0          0   __rtentry2.o
         6          0          0          0          0          0   __rtentry4.o
        52          8          0          0          0          0   __scatter.o
        26          0          0          0          0          0   __scatter_copy.o
        28          0          0          0          0          0   __scatter_zi.o
        22          0          0          0          0         80   abort.o
        46          0          0          0          0         84   aeabi_atexit.o
        10          0          0          0          0         68   cxa_atexit.o
        66          0          0          0          0         84   cxa_finalize.o
        48         34          0          0          0         76   defsig_abrt_inner.o
        14          0          0          0          0         80   defsig_abrt_outer.o
        10          0          0          0          0         68   defsig_exit.o
        50          0          0          0          0         88   defsig_general.o
        80         58          0          0          0         76   defsig_rtmem_inner.o
        14          0          0          0          0         80   defsig_rtmem_outer.o
        18          0          0          0          0         80   exit.o
        94          0          0          0          0         80   h1_alloc.o
        52          0          0          0          0         68   h1_extend.o
        78          0          0          0          0         80   h1_free.o
        14          0          0          0          0         84   h1_init.o
         6          0          0          0          0        152   heapauxi.o
         4          0          0          0          0        136   hguard.o
         0          0          0          0          0          0   indicate_semi.o
        36          8          0          0          0         80   init_aeabi.o
       138          0          0          0          0        168   init_alloc.o
         2          0          0          0          0          0   libinit.o
        18          0          0          0          0          0   libinit2.o
         2          0          0          0          0          0   libshutdown.o
         8          0          0          0          0          0   libshutdown2.o
         8          4          0          0         96         68   libspace.o
       240          0          0          0          0        100   lludivv7m.o
         0          0          0          0          0          0   maybetermalloc1.o
         8          4          0          0          0         68   rt_ddtor_pointer_addr_intlibspace.o
         8          4          0          0          0         68   rt_heap_descriptor_intlibspace.o
        78          0          0          0          0         80   rt_memclr_w.o
       138          0          0          0          0         68   rt_memcpy_v6.o
       100          0          0          0          0         80   rt_memcpy_w.o
       132          0          0          0          0         68   rt_memmove_v6.o
       122          0          0          0          0         80   rt_memmove_w.o
         2          0          0          0          0          0   rtexit.o
        10          0          0          0          0          0   rtexit2.o
        12          4          0          0          0         68   sys_exit.o
        74          0          0          0          0         80   sys_stackheap_outer.o
        14          0          0          0          0         76   sys_wrch.o
         2          0          0          0          0         68   use_no_semi.o
        98          4          0          0          0        140   d2f.o
        38          0          0          0          0        116   dflt_clz.o
       340         12          0          0          0        152   dmul.o
       156          4          0          0          0        140   dnaninf.o
        12          0          0          0          0        116   dretinf.o
        26          0          0          0          0        116   fpinit.o
        10          0          0          0          0        116   fretinf.o
         0          0          0          0          0          0   usenofp.o
        46          0          0          0          0        380   new.cpp.o
         4          0          0          0          0         36   abort_message.cpp.o
         0          0          0          0          4          0   cxa_default_handlers.cpp.o
        12          0          0          0          0        132   cxa_handlers.cpp.o
        40         32          0          0          0         52   cxa_virtual.cpp.o

    ----------------------------------------------------------------------
      2704        176          0          0        100       4248   Library Totals
        12          0          0          0          0          0   (incl. Padding)

    ----------------------------------------------------------------------

      Code (inc. data)   RO Data    RW Data    ZI Data      Debug   Library Name

      1910        124          0          0         96       2752   c_w.l
       680         20          0          0          0        896   fz_wm.l
        46          0          0          0          0        380   libcpp_w.l
        56         32          0          0          4        220   libcppabi_w.l

    ----------------------------------------------------------------------
      2704        176          0          0        100       4248   Library Totals

    ----------------------------------------------------------------------

==============================================================================


      Code (inc. data)   RO Data    RW Data    ZI Data      Debug   

     37468        810       1512         52       5564     895748   Grand Totals
     37468        810       1512         52       5564     895748   ELF Image Totals
     37468        810       1512         52          0          0   ROM Totals

==============================================================================

    Total RO  Size (Code + RO Data)                38980 (  38.07kB)
    Total RW  Size (RW Data + ZI Data)              5616 (   5.48kB)
    Total ROM Size (Code + RO Data + RW Data)      39032 (  38.12kB)

==============================================================================

